teamcahill@teamcahill-virtual-machine:~$ uname -a
Linux teamcahill-virtual-machine 6.7.0-rc5+ #3 SMP PREEMPT_DYNAMIC Sun Dec 17 17:04:39 PST 2023 x86_64 x86_64 x86_64 GNU/Linux
teamcahill@teamcahill-virtual-machine:~$ make
make -C /lib/modules/6.7.0-rc5+/build M=/home/teamcahill modules
make[1]: Entering directory '/home/teamcahill/linux'
  CC [M]  /home/teamcahill/cmpe283-1.o
  MODPOST /home/teamcahill/Module.symvers
  CC [M]  /home/teamcahill/cmpe283-1.mod.o
  LD [M]  /home/teamcahill/cmpe283-1.ko
make[1]: Leaving directory '/home/teamcahill/linux'
teamcahill@teamcahill-virtual-machine:~$ sudo insmod cmpe283-1.ko
[sudo] password for teamcahill: 
teamcahill@teamcahill-virtual-machine:~$ dmesg
dmesg: read kernel buffer failed: Operation not permitted
teamcahill@teamcahill-virtual-machine:~$ sudo dmesg
[    0.000000] Linux version 6.7.0-rc5+ (teamcahill@teamcahill-virtual-machine) (gcc (Ubuntu 11.4.0-1ubuntu1~22.04) 11.4.0, GNU ld (GNU Binutils for Ubuntu) 2.38) #3 SMP PREEMPT_DYNAMIC Sun Dec 17 17:04:39 PST 2023
[    0.000000] Command line: BOOT_IMAGE=/boot/vmlinuz-6.7.0-rc5+ root=UUID=290c1412-838e-4dc4-8b32-356493faf6af ro find_preseed=/preseed.cfg auto noprompt priority=critical locale=en_US quiet splash
[    0.000000] KERNEL supported cpus:
[    0.000000]   Intel GenuineIntel
[    0.000000]   AMD AuthenticAMD
[    0.000000]   Hygon HygonGenuine
[    0.000000]   Centaur CentaurHauls
[    0.000000]   zhaoxin   Shanghai  
[    0.000000] Disabled fast string operations
[    0.000000] BIOS-provided physical RAM map:
[    0.000000] BIOS-e820: [mem 0x0000000000000000-0x000000000009e7ff] usable
[    0.000000] BIOS-e820: [mem 0x000000000009e800-0x000000000009ffff] reserved
[    0.000000] BIOS-e820: [mem 0x00000000000dc000-0x00000000000fffff] reserved
[    0.000000] BIOS-e820: [mem 0x0000000000100000-0x00000000bfecffff] usable
[    0.000000] BIOS-e820: [mem 0x00000000bfed0000-0x00000000bfefefff] ACPI data
[    0.000000] BIOS-e820: [mem 0x00000000bfeff000-0x00000000bfefffff] ACPI NVS
[    0.000000] BIOS-e820: [mem 0x00000000bff00000-0x00000000bfffffff] usable
[    0.000000] BIOS-e820: [mem 0x00000000f0000000-0x00000000f7ffffff] reserved
[    0.000000] BIOS-e820: [mem 0x00000000fec00000-0x00000000fec0ffff] reserved
[    0.000000] BIOS-e820: [mem 0x00000000fee00000-0x00000000fee00fff] reserved
[    0.000000] BIOS-e820: [mem 0x00000000fffe0000-0x00000000ffffffff] reserved
[    0.000000] BIOS-e820: [mem 0x0000000100000000-0x000000023fffffff] usable
[    0.000000] NX (Execute Disable) protection: active
[    0.000000] APIC: Static calls initialized
[    0.000000] SMBIOS 2.7 present.
[    0.000000] DMI: VMware, Inc. VMware Virtual Platform/440BX Desktop Reference Platform, BIOS 6.00 11/12/2020
[    0.000000] vmware: hypercall mode: 0x02
[    0.000000] Hypervisor detected: VMware
[    0.000000] vmware: TSC freq read from hypervisor : 1991.997 MHz
[    0.000000] vmware: Host bus clock speed read from hypervisor : 66000000 Hz
[    0.000000] vmware: using clock offset of 9188720893 ns
[    0.000018] tsc: Detected 1991.997 MHz processor
[    0.001743] e820: update [mem 0x00000000-0x00000fff] usable ==> reserved
[    0.001746] e820: remove [mem 0x000a0000-0x000fffff] usable
[    0.001751] last_pfn = 0x240000 max_arch_pfn = 0x400000000
[    0.001771] total RAM covered: 261120M
[    0.001881]  gran_size: 64K 	chunk_size: 64K 	num_reg: 8  	lose cover RAM: 0G
[    0.001883]  gran_size: 64K 	chunk_size: 128K 	num_reg: 8  	lose cover RAM: 0G
[    0.001885]  gran_size: 64K 	chunk_size: 256K 	num_reg: 8  	lose cover RAM: 0G
[    0.001886]  gran_size: 64K 	chunk_size: 512K 	num_reg: 8  	lose cover RAM: 0G
[    0.001887]  gran_size: 64K 	chunk_size: 1M 	num_reg: 8  	lose cover RAM: 0G
[    0.001888]  gran_size: 64K 	chunk_size: 2M 	num_reg: 8  	lose cover RAM: 0G
[    0.001889]  gran_size: 64K 	chunk_size: 4M 	num_reg: 8  	lose cover RAM: 0G
[    0.001890]  gran_size: 64K 	chunk_size: 8M 	num_reg: 8  	lose cover RAM: 0G
[    0.001890]  gran_size: 64K 	chunk_size: 16M 	num_reg: 8  	lose cover RAM: 0G
[    0.001891]  gran_size: 64K 	chunk_size: 32M 	num_reg: 8  	lose cover RAM: 0G
[    0.001892]  gran_size: 64K 	chunk_size: 64M 	num_reg: 8  	lose cover RAM: 0G
[    0.001893]  gran_size: 64K 	chunk_size: 128M 	num_reg: 8  	lose cover RAM: 0G
[    0.001894]  gran_size: 64K 	chunk_size: 256M 	num_reg: 8  	lose cover RAM: 0G
[    0.001895]  gran_size: 64K 	chunk_size: 512M 	num_reg: 8  	lose cover RAM: 0G
[    0.001896]  gran_size: 64K 	chunk_size: 1G 	num_reg: 8  	lose cover RAM: 0G
[    0.001897]  gran_size: 64K 	chunk_size: 2G 	num_reg: 8  	lose cover RAM: 0G
[    0.001898]  gran_size: 128K 	chunk_size: 128K 	num_reg: 8  	lose cover RAM: 0G
[    0.001899]  gran_size: 128K 	chunk_size: 256K 	num_reg: 8  	lose cover RAM: 0G
[    0.001900]  gran_size: 128K 	chunk_size: 512K 	num_reg: 8  	lose cover RAM: 0G
[    0.001901]  gran_size: 128K 	chunk_size: 1M 	num_reg: 8  	lose cover RAM: 0G
[    0.001902]  gran_size: 128K 	chunk_size: 2M 	num_reg: 8  	lose cover RAM: 0G
[    0.001903]  gran_size: 128K 	chunk_size: 4M 	num_reg: 8  	lose cover RAM: 0G
[    0.001904]  gran_size: 128K 	chunk_size: 8M 	num_reg: 8  	lose cover RAM: 0G
[    0.001905]  gran_size: 128K 	chunk_size: 16M 	num_reg: 8  	lose cover RAM: 0G
[    0.001906]  gran_size: 128K 	chunk_size: 32M 	num_reg: 8  	lose cover RAM: 0G
[    0.001907]  gran_size: 128K 	chunk_size: 64M 	num_reg: 8  	lose cover RAM: 0G
[    0.001908]  gran_size: 128K 	chunk_size: 128M 	num_reg: 8  	lose cover RAM: 0G
[    0.001909]  gran_size: 128K 	chunk_size: 256M 	num_reg: 8  	lose cover RAM: 0G
[    0.001910]  gran_size: 128K 	chunk_size: 512M 	num_reg: 8  	lose cover RAM: 0G
[    0.001912]  gran_size: 128K 	chunk_size: 1G 	num_reg: 8  	lose cover RAM: 0G
[    0.001913]  gran_size: 128K 	chunk_size: 2G 	num_reg: 8  	lose cover RAM: 0G
[    0.001914]  gran_size: 256K 	chunk_size: 256K 	num_reg: 8  	lose cover RAM: 0G
[    0.001915]  gran_size: 256K 	chunk_size: 512K 	num_reg: 8  	lose cover RAM: 0G
[    0.001916]  gran_size: 256K 	chunk_size: 1M 	num_reg: 8  	lose cover RAM: 0G
[    0.001917]  gran_size: 256K 	chunk_size: 2M 	num_reg: 8  	lose cover RAM: 0G
[    0.001918]  gran_size: 256K 	chunk_size: 4M 	num_reg: 8  	lose cover RAM: 0G
[    0.001919]  gran_size: 256K 	chunk_size: 8M 	num_reg: 8  	lose cover RAM: 0G
[    0.001920]  gran_size: 256K 	chunk_size: 16M 	num_reg: 8  	lose cover RAM: 0G
[    0.001921]  gran_size: 256K 	chunk_size: 32M 	num_reg: 8  	lose cover RAM: 0G
[    0.001922]  gran_size: 256K 	chunk_size: 64M 	num_reg: 8  	lose cover RAM: 0G
[    0.001923]  gran_size: 256K 	chunk_size: 128M 	num_reg: 8  	lose cover RAM: 0G
[    0.001924]  gran_size: 256K 	chunk_size: 256M 	num_reg: 8  	lose cover RAM: 0G
[    0.001924]  gran_size: 256K 	chunk_size: 512M 	num_reg: 8  	lose cover RAM: 0G
[    0.001925]  gran_size: 256K 	chunk_size: 1G 	num_reg: 8  	lose cover RAM: 0G
[    0.001926]  gran_size: 256K 	chunk_size: 2G 	num_reg: 8  	lose cover RAM: 0G
[    0.001927]  gran_size: 512K 	chunk_size: 512K 	num_reg: 8  	lose cover RAM: 0G
[    0.001928]  gran_size: 512K 	chunk_size: 1M 	num_reg: 8  	lose cover RAM: 0G
[    0.001929]  gran_size: 512K 	chunk_size: 2M 	num_reg: 8  	lose cover RAM: 0G
[    0.001930]  gran_size: 512K 	chunk_size: 4M 	num_reg: 8  	lose cover RAM: 0G
[    0.001931]  gran_size: 512K 	chunk_size: 8M 	num_reg: 8  	lose cover RAM: 0G
[    0.001932]  gran_size: 512K 	chunk_size: 16M 	num_reg: 8  	lose cover RAM: 0G
[    0.001933]  gran_size: 512K 	chunk_size: 32M 	num_reg: 8  	lose cover RAM: 0G
[    0.001934]  gran_size: 512K 	chunk_size: 64M 	num_reg: 8  	lose cover RAM: 0G
[    0.001935]  gran_size: 512K 	chunk_size: 128M 	num_reg: 8  	lose cover RAM: 0G
[    0.001936]  gran_size: 512K 	chunk_size: 256M 	num_reg: 8  	lose cover RAM: 0G
[    0.001937]  gran_size: 512K 	chunk_size: 512M 	num_reg: 8  	lose cover RAM: 0G
[    0.001938]  gran_size: 512K 	chunk_size: 1G 	num_reg: 8  	lose cover RAM: 0G
[    0.001939]  gran_size: 512K 	chunk_size: 2G 	num_reg: 8  	lose cover RAM: 0G
[    0.001940]  gran_size: 1M 	chunk_size: 1M 	num_reg: 8  	lose cover RAM: 0G
[    0.001941]  gran_size: 1M 	chunk_size: 2M 	num_reg: 8  	lose cover RAM: 0G
[    0.001941]  gran_size: 1M 	chunk_size: 4M 	num_reg: 8  	lose cover RAM: 0G
[    0.001942]  gran_size: 1M 	chunk_size: 8M 	num_reg: 8  	lose cover RAM: 0G
[    0.001943]  gran_size: 1M 	chunk_size: 16M 	num_reg: 8  	lose cover RAM: 0G
[    0.001944]  gran_size: 1M 	chunk_size: 32M 	num_reg: 8  	lose cover RAM: 0G
[    0.001945]  gran_size: 1M 	chunk_size: 64M 	num_reg: 8  	lose cover RAM: 0G
[    0.001946]  gran_size: 1M 	chunk_size: 128M 	num_reg: 8  	lose cover RAM: 0G
[    0.001947]  gran_size: 1M 	chunk_size: 256M 	num_reg: 8  	lose cover RAM: 0G
[    0.001948]  gran_size: 1M 	chunk_size: 512M 	num_reg: 8  	lose cover RAM: 0G
[    0.001949]  gran_size: 1M 	chunk_size: 1G 	num_reg: 8  	lose cover RAM: 0G
[    0.001950]  gran_size: 1M 	chunk_size: 2G 	num_reg: 8  	lose cover RAM: 0G
[    0.001951]  gran_size: 2M 	chunk_size: 2M 	num_reg: 8  	lose cover RAM: 0G
[    0.001952]  gran_size: 2M 	chunk_size: 4M 	num_reg: 8  	lose cover RAM: 0G
[    0.001953]  gran_size: 2M 	chunk_size: 8M 	num_reg: 8  	lose cover RAM: 0G
[    0.001954]  gran_size: 2M 	chunk_size: 16M 	num_reg: 8  	lose cover RAM: 0G
[    0.001955]  gran_size: 2M 	chunk_size: 32M 	num_reg: 8  	lose cover RAM: 0G
[    0.001956]  gran_size: 2M 	chunk_size: 64M 	num_reg: 8  	lose cover RAM: 0G
[    0.001956]  gran_size: 2M 	chunk_size: 128M 	num_reg: 8  	lose cover RAM: 0G
[    0.001957]  gran_size: 2M 	chunk_size: 256M 	num_reg: 8  	lose cover RAM: 0G
[    0.001958]  gran_size: 2M 	chunk_size: 512M 	num_reg: 8  	lose cover RAM: 0G
[    0.001959]  gran_size: 2M 	chunk_size: 1G 	num_reg: 8  	lose cover RAM: 0G
[    0.001960]  gran_size: 2M 	chunk_size: 2G 	num_reg: 8  	lose cover RAM: 0G
[    0.001961]  gran_size: 4M 	chunk_size: 4M 	num_reg: 8  	lose cover RAM: 0G
[    0.001962]  gran_size: 4M 	chunk_size: 8M 	num_reg: 8  	lose cover RAM: 0G
[    0.001963]  gran_size: 4M 	chunk_size: 16M 	num_reg: 8  	lose cover RAM: 0G
[    0.001964]  gran_size: 4M 	chunk_size: 32M 	num_reg: 8  	lose cover RAM: 0G
[    0.001965]  gran_size: 4M 	chunk_size: 64M 	num_reg: 8  	lose cover RAM: 0G
[    0.001966]  gran_size: 4M 	chunk_size: 128M 	num_reg: 8  	lose cover RAM: 0G
[    0.001967]  gran_size: 4M 	chunk_size: 256M 	num_reg: 8  	lose cover RAM: 0G
[    0.001968]  gran_size: 4M 	chunk_size: 512M 	num_reg: 8  	lose cover RAM: 0G
[    0.001969]  gran_size: 4M 	chunk_size: 1G 	num_reg: 8  	lose cover RAM: 0G
[    0.001969]  gran_size: 4M 	chunk_size: 2G 	num_reg: 8  	lose cover RAM: 0G
[    0.001970]  gran_size: 8M 	chunk_size: 8M 	num_reg: 8  	lose cover RAM: 0G
[    0.001971]  gran_size: 8M 	chunk_size: 16M 	num_reg: 8  	lose cover RAM: 0G
[    0.001972]  gran_size: 8M 	chunk_size: 32M 	num_reg: 8  	lose cover RAM: 0G
[    0.001973]  gran_size: 8M 	chunk_size: 64M 	num_reg: 8  	lose cover RAM: 0G
[    0.001974]  gran_size: 8M 	chunk_size: 128M 	num_reg: 8  	lose cover RAM: 0G
[    0.001975]  gran_size: 8M 	chunk_size: 256M 	num_reg: 8  	lose cover RAM: 0G
[    0.001976]  gran_size: 8M 	chunk_size: 512M 	num_reg: 8  	lose cover RAM: 0G
[    0.001977]  gran_size: 8M 	chunk_size: 1G 	num_reg: 8  	lose cover RAM: 0G
[    0.001978]  gran_size: 8M 	chunk_size: 2G 	num_reg: 8  	lose cover RAM: 0G
[    0.001979]  gran_size: 16M 	chunk_size: 16M 	num_reg: 8  	lose cover RAM: 0G
[    0.001980]  gran_size: 16M 	chunk_size: 32M 	num_reg: 8  	lose cover RAM: 0G
[    0.001981]  gran_size: 16M 	chunk_size: 64M 	num_reg: 8  	lose cover RAM: 0G
[    0.001982]  gran_size: 16M 	chunk_size: 128M 	num_reg: 8  	lose cover RAM: 0G
[    0.001983]  gran_size: 16M 	chunk_size: 256M 	num_reg: 8  	lose cover RAM: 0G
[    0.001984]  gran_size: 16M 	chunk_size: 512M 	num_reg: 8  	lose cover RAM: 0G
[    0.001985]  gran_size: 16M 	chunk_size: 1G 	num_reg: 8  	lose cover RAM: 0G
[    0.001985]  gran_size: 16M 	chunk_size: 2G 	num_reg: 8  	lose cover RAM: 0G
[    0.001986]  gran_size: 32M 	chunk_size: 32M 	num_reg: 8  	lose cover RAM: 0G
[    0.001987]  gran_size: 32M 	chunk_size: 64M 	num_reg: 8  	lose cover RAM: 0G
[    0.001988]  gran_size: 32M 	chunk_size: 128M 	num_reg: 8  	lose cover RAM: 0G
[    0.001989]  gran_size: 32M 	chunk_size: 256M 	num_reg: 8  	lose cover RAM: 0G
[    0.001990]  gran_size: 32M 	chunk_size: 512M 	num_reg: 8  	lose cover RAM: 0G
[    0.001991]  gran_size: 32M 	chunk_size: 1G 	num_reg: 8  	lose cover RAM: 0G
[    0.001992]  gran_size: 32M 	chunk_size: 2G 	num_reg: 8  	lose cover RAM: 0G
[    0.001993]  gran_size: 64M 	chunk_size: 64M 	num_reg: 8  	lose cover RAM: 0G
[    0.002003]  gran_size: 64M 	chunk_size: 128M 	num_reg: 8  	lose cover RAM: 0G
[    0.002004]  gran_size: 64M 	chunk_size: 256M 	num_reg: 8  	lose cover RAM: 0G
[    0.002004]  gran_size: 64M 	chunk_size: 512M 	num_reg: 8  	lose cover RAM: 0G
[    0.002005]  gran_size: 64M 	chunk_size: 1G 	num_reg: 8  	lose cover RAM: 0G
[    0.002006]  gran_size: 64M 	chunk_size: 2G 	num_reg: 8  	lose cover RAM: 0G
[    0.002007]  gran_size: 128M 	chunk_size: 128M 	num_reg: 8  	lose cover RAM: 0G
[    0.002008]  gran_size: 128M 	chunk_size: 256M 	num_reg: 8  	lose cover RAM: 0G
[    0.002009]  gran_size: 128M 	chunk_size: 512M 	num_reg: 8  	lose cover RAM: 0G
[    0.002010]  gran_size: 128M 	chunk_size: 1G 	num_reg: 8  	lose cover RAM: 0G
[    0.002011]  gran_size: 128M 	chunk_size: 2G 	num_reg: 8  	lose cover RAM: 0G
[    0.002012]  gran_size: 256M 	chunk_size: 256M 	num_reg: 8  	lose cover RAM: 0G
[    0.002013]  gran_size: 256M 	chunk_size: 512M 	num_reg: 8  	lose cover RAM: 0G
[    0.002014]  gran_size: 256M 	chunk_size: 1G 	num_reg: 8  	lose cover RAM: 0G
[    0.002015]  gran_size: 256M 	chunk_size: 2G 	num_reg: 8  	lose cover RAM: 0G
[    0.002016]  gran_size: 512M 	chunk_size: 512M 	num_reg: 8  	lose cover RAM: 0G
[    0.002017]  gran_size: 512M 	chunk_size: 1G 	num_reg: 8  	lose cover RAM: 0G
[    0.002018]  gran_size: 512M 	chunk_size: 2G 	num_reg: 8  	lose cover RAM: 0G
[    0.002019]  gran_size: 1G 	chunk_size: 1G 	num_reg: 8  	lose cover RAM: 0G
[    0.002020]  gran_size: 1G 	chunk_size: 2G 	num_reg: 8  	lose cover RAM: 0G
[    0.002021]  gran_size: 2G 	chunk_size: 2G 	num_reg: 7  	lose cover RAM: 1G
[    0.002022] mtrr_cleanup: can not find optimal value
[    0.002022] please specify mtrr_gran_size/mtrr_chunk_size
[    0.002024] MTRR map: 8 entries (5 fixed + 3 variable; max 21), built from 8 variable MTRRs
[    0.002026] x86/PAT: Configuration [0-7]: WB  WC  UC- UC  WB  WP  UC- WT  
[    0.002057] e820: update [mem 0xc0000000-0xffffffff] usable ==> reserved
[    0.002064] last_pfn = 0xc0000 max_arch_pfn = 0x400000000
[    0.011595] found SMP MP-table at [mem 0x000f6a70-0x000f6a7f]
[    0.011613] Using GB pages for direct mapping
[    0.011883] RAMDISK: [mem 0x302f3000-0x34170fff]
[    0.011889] ACPI: Early table checksum verification disabled
[    0.011893] ACPI: RSDP 0x00000000000F6A00 000024 (v02 PTLTD )
[    0.011930] ACPI: XSDT 0x00000000BFEDB633 00005C (v01 INTEL  440BX    06040000 VMW  01324272)
[    0.011938] ACPI: FACP 0x00000000BFEFEE73 0000F4 (v04 INTEL  440BX    06040000 PTL  000F4240)
[    0.011949] ACPI: DSDT 0x00000000BFEDD001 021E72 (v01 PTLTD  Custom   06040000 MSFT 03000001)
[    0.011956] ACPI: FACS 0x00000000BFEFFFC0 000040
[    0.011960] ACPI: FACS 0x00000000BFEFFFC0 000040
[    0.011964] ACPI: BOOT 0x00000000BFEDCFB4 000028 (v01 PTLTD  $SBFTBL$ 06040000  LTP 00000001)
[    0.011969] ACPI: APIC 0x00000000BFEDC872 000742 (v01 PTLTD  ? APIC   06040000  LTP 00000000)
[    0.011973] ACPI: MCFG 0x00000000BFEDC836 00003C (v01 PTLTD  $PCITBL$ 06040000  LTP 00000001)
[    0.011978] ACPI: SRAT 0x00000000BFEDB72F 0008D0 (v02 VMWARE MEMPLUG  06040000 VMW  00000001)
[    0.011997] ACPI: HPET 0x00000000BFEDB6F7 000038 (v01 VMWARE VMW HPET 06040000 VMW  00000001)
[    0.012001] ACPI: WAET 0x00000000BFEDB6CF 000028 (v01 VMWARE VMW WAET 06040000 VMW  00000001)
[    0.012003] ACPI: Reserving FACP table memory at [mem 0xbfefee73-0xbfefef66]
[    0.012005] ACPI: Reserving DSDT table memory at [mem 0xbfedd001-0xbfefee72]
[    0.012006] ACPI: Reserving FACS table memory at [mem 0xbfefffc0-0xbfefffff]
[    0.012007] ACPI: Reserving FACS table memory at [mem 0xbfefffc0-0xbfefffff]
[    0.012007] ACPI: Reserving BOOT table memory at [mem 0xbfedcfb4-0xbfedcfdb]
[    0.012008] ACPI: Reserving APIC table memory at [mem 0xbfedc872-0xbfedcfb3]
[    0.012009] ACPI: Reserving MCFG table memory at [mem 0xbfedc836-0xbfedc871]
[    0.012009] ACPI: Reserving SRAT table memory at [mem 0xbfedb72f-0xbfedbffe]
[    0.012010] ACPI: Reserving HPET table memory at [mem 0xbfedb6f7-0xbfedb72e]
[    0.012011] ACPI: Reserving WAET table memory at [mem 0xbfedb6cf-0xbfedb6f6]
[    0.012073] system APIC only can use physical flat
[    0.012078] APIC: Switched APIC routing to: physical flat
[    0.012121] SRAT: PXM 0 -> APIC 0x00 -> Node 0
[    0.012123] SRAT: PXM 0 -> APIC 0x02 -> Node 0
[    0.012123] SRAT: PXM 0 -> APIC 0x04 -> Node 0
[    0.012124] SRAT: PXM 0 -> APIC 0x06 -> Node 0
[    0.012124] SRAT: PXM 0 -> APIC 0x08 -> Node 0
[    0.012125] SRAT: PXM 0 -> APIC 0x0a -> Node 0
[    0.012126] SRAT: PXM 0 -> APIC 0x0c -> Node 0
[    0.012126] SRAT: PXM 0 -> APIC 0x0e -> Node 0
[    0.012127] SRAT: PXM 0 -> APIC 0x10 -> Node 0
[    0.012127] SRAT: PXM 0 -> APIC 0x12 -> Node 0
[    0.012128] SRAT: PXM 0 -> APIC 0x14 -> Node 0
[    0.012129] SRAT: PXM 0 -> APIC 0x16 -> Node 0
[    0.012129] SRAT: PXM 0 -> APIC 0x18 -> Node 0
[    0.012130] SRAT: PXM 0 -> APIC 0x1a -> Node 0
[    0.012130] SRAT: PXM 0 -> APIC 0x1c -> Node 0
[    0.012131] SRAT: PXM 0 -> APIC 0x1e -> Node 0
[    0.012131] SRAT: PXM 0 -> APIC 0x20 -> Node 0
[    0.012132] SRAT: PXM 0 -> APIC 0x22 -> Node 0
[    0.012132] SRAT: PXM 0 -> APIC 0x24 -> Node 0
[    0.012133] SRAT: PXM 0 -> APIC 0x26 -> Node 0
[    0.012134] SRAT: PXM 0 -> APIC 0x28 -> Node 0
[    0.012134] SRAT: PXM 0 -> APIC 0x2a -> Node 0
[    0.012135] SRAT: PXM 0 -> APIC 0x2c -> Node 0
[    0.012135] SRAT: PXM 0 -> APIC 0x2e -> Node 0
[    0.012136] SRAT: PXM 0 -> APIC 0x30 -> Node 0
[    0.012136] SRAT: PXM 0 -> APIC 0x32 -> Node 0
[    0.012137] SRAT: PXM 0 -> APIC 0x34 -> Node 0
[    0.012138] SRAT: PXM 0 -> APIC 0x36 -> Node 0
[    0.012138] SRAT: PXM 0 -> APIC 0x38 -> Node 0
[    0.012139] SRAT: PXM 0 -> APIC 0x3a -> Node 0
[    0.012139] SRAT: PXM 0 -> APIC 0x3c -> Node 0
[    0.012140] SRAT: PXM 0 -> APIC 0x3e -> Node 0
[    0.012140] SRAT: PXM 0 -> APIC 0x40 -> Node 0
[    0.012141] SRAT: PXM 0 -> APIC 0x42 -> Node 0
[    0.012141] SRAT: PXM 0 -> APIC 0x44 -> Node 0
[    0.012142] SRAT: PXM 0 -> APIC 0x46 -> Node 0
[    0.012143] SRAT: PXM 0 -> APIC 0x48 -> Node 0
[    0.012143] SRAT: PXM 0 -> APIC 0x4a -> Node 0
[    0.012144] SRAT: PXM 0 -> APIC 0x4c -> Node 0
[    0.012144] SRAT: PXM 0 -> APIC 0x4e -> Node 0
[    0.012145] SRAT: PXM 0 -> APIC 0x50 -> Node 0
[    0.012145] SRAT: PXM 0 -> APIC 0x52 -> Node 0
[    0.012146] SRAT: PXM 0 -> APIC 0x54 -> Node 0
[    0.012147] SRAT: PXM 0 -> APIC 0x56 -> Node 0
[    0.012147] SRAT: PXM 0 -> APIC 0x58 -> Node 0
[    0.012148] SRAT: PXM 0 -> APIC 0x5a -> Node 0
[    0.012148] SRAT: PXM 0 -> APIC 0x5c -> Node 0
[    0.012149] SRAT: PXM 0 -> APIC 0x5e -> Node 0
[    0.012149] SRAT: PXM 0 -> APIC 0x60 -> Node 0
[    0.012150] SRAT: PXM 0 -> APIC 0x62 -> Node 0
[    0.012150] SRAT: PXM 0 -> APIC 0x64 -> Node 0
[    0.012151] SRAT: PXM 0 -> APIC 0x66 -> Node 0
[    0.012152] SRAT: PXM 0 -> APIC 0x68 -> Node 0
[    0.012152] SRAT: PXM 0 -> APIC 0x6a -> Node 0
[    0.012153] SRAT: PXM 0 -> APIC 0x6c -> Node 0
[    0.012153] SRAT: PXM 0 -> APIC 0x6e -> Node 0
[    0.012154] SRAT: PXM 0 -> APIC 0x70 -> Node 0
[    0.012154] SRAT: PXM 0 -> APIC 0x72 -> Node 0
[    0.012155] SRAT: PXM 0 -> APIC 0x74 -> Node 0
[    0.012156] SRAT: PXM 0 -> APIC 0x76 -> Node 0
[    0.012156] SRAT: PXM 0 -> APIC 0x78 -> Node 0
[    0.012157] SRAT: PXM 0 -> APIC 0x7a -> Node 0
[    0.012157] SRAT: PXM 0 -> APIC 0x7c -> Node 0
[    0.012158] SRAT: PXM 0 -> APIC 0x7e -> Node 0
[    0.012158] SRAT: PXM 0 -> APIC 0x80 -> Node 0
[    0.012159] SRAT: PXM 0 -> APIC 0x82 -> Node 0
[    0.012159] SRAT: PXM 0 -> APIC 0x84 -> Node 0
[    0.012160] SRAT: PXM 0 -> APIC 0x86 -> Node 0
[    0.012161] SRAT: PXM 0 -> APIC 0x88 -> Node 0
[    0.012161] SRAT: PXM 0 -> APIC 0x8a -> Node 0
[    0.012162] SRAT: PXM 0 -> APIC 0x8c -> Node 0
[    0.012162] SRAT: PXM 0 -> APIC 0x8e -> Node 0
[    0.012163] SRAT: PXM 0 -> APIC 0x90 -> Node 0
[    0.012163] SRAT: PXM 0 -> APIC 0x92 -> Node 0
[    0.012164] SRAT: PXM 0 -> APIC 0x94 -> Node 0
[    0.012165] SRAT: PXM 0 -> APIC 0x96 -> Node 0
[    0.012165] SRAT: PXM 0 -> APIC 0x98 -> Node 0
[    0.012166] SRAT: PXM 0 -> APIC 0x9a -> Node 0
[    0.012166] SRAT: PXM 0 -> APIC 0x9c -> Node 0
[    0.012167] SRAT: PXM 0 -> APIC 0x9e -> Node 0
[    0.012167] SRAT: PXM 0 -> APIC 0xa0 -> Node 0
[    0.012168] SRAT: PXM 0 -> APIC 0xa2 -> Node 0
[    0.012168] SRAT: PXM 0 -> APIC 0xa4 -> Node 0
[    0.012169] SRAT: PXM 0 -> APIC 0xa6 -> Node 0
[    0.012170] SRAT: PXM 0 -> APIC 0xa8 -> Node 0
[    0.012170] SRAT: PXM 0 -> APIC 0xaa -> Node 0
[    0.012171] SRAT: PXM 0 -> APIC 0xac -> Node 0
[    0.012171] SRAT: PXM 0 -> APIC 0xae -> Node 0
[    0.012172] SRAT: PXM 0 -> APIC 0xb0 -> Node 0
[    0.012172] SRAT: PXM 0 -> APIC 0xb2 -> Node 0
[    0.012173] SRAT: PXM 0 -> APIC 0xb4 -> Node 0
[    0.012174] SRAT: PXM 0 -> APIC 0xb6 -> Node 0
[    0.012174] SRAT: PXM 0 -> APIC 0xb8 -> Node 0
[    0.012175] SRAT: PXM 0 -> APIC 0xba -> Node 0
[    0.012175] SRAT: PXM 0 -> APIC 0xbc -> Node 0
[    0.012176] SRAT: PXM 0 -> APIC 0xbe -> Node 0
[    0.012176] SRAT: PXM 0 -> APIC 0xc0 -> Node 0
[    0.012177] SRAT: PXM 0 -> APIC 0xc2 -> Node 0
[    0.012177] SRAT: PXM 0 -> APIC 0xc4 -> Node 0
[    0.012178] SRAT: PXM 0 -> APIC 0xc6 -> Node 0
[    0.012179] SRAT: PXM 0 -> APIC 0xc8 -> Node 0
[    0.012179] SRAT: PXM 0 -> APIC 0xca -> Node 0
[    0.012180] SRAT: PXM 0 -> APIC 0xcc -> Node 0
[    0.012180] SRAT: PXM 0 -> APIC 0xce -> Node 0
[    0.012181] SRAT: PXM 0 -> APIC 0xd0 -> Node 0
[    0.012181] SRAT: PXM 0 -> APIC 0xd2 -> Node 0
[    0.012182] SRAT: PXM 0 -> APIC 0xd4 -> Node 0
[    0.012182] SRAT: PXM 0 -> APIC 0xd6 -> Node 0
[    0.012183] SRAT: PXM 0 -> APIC 0xd8 -> Node 0
[    0.012184] SRAT: PXM 0 -> APIC 0xda -> Node 0
[    0.012184] SRAT: PXM 0 -> APIC 0xdc -> Node 0
[    0.012185] SRAT: PXM 0 -> APIC 0xde -> Node 0
[    0.012185] SRAT: PXM 0 -> APIC 0xe0 -> Node 0
[    0.012186] SRAT: PXM 0 -> APIC 0xe2 -> Node 0
[    0.012186] SRAT: PXM 0 -> APIC 0xe4 -> Node 0
[    0.012187] SRAT: PXM 0 -> APIC 0xe6 -> Node 0
[    0.012187] SRAT: PXM 0 -> APIC 0xe8 -> Node 0
[    0.012188] SRAT: PXM 0 -> APIC 0xea -> Node 0
[    0.012189] SRAT: PXM 0 -> APIC 0xec -> Node 0
[    0.012189] SRAT: PXM 0 -> APIC 0xee -> Node 0
[    0.012190] SRAT: PXM 0 -> APIC 0xf0 -> Node 0
[    0.012190] SRAT: PXM 0 -> APIC 0xf2 -> Node 0
[    0.012191] SRAT: PXM 0 -> APIC 0xf4 -> Node 0
[    0.012191] SRAT: PXM 0 -> APIC 0xf6 -> Node 0
[    0.012192] SRAT: PXM 0 -> APIC 0xf8 -> Node 0
[    0.012193] SRAT: PXM 0 -> APIC 0xfa -> Node 0
[    0.012193] SRAT: PXM 0 -> APIC 0xfc -> Node 0
[    0.012194] SRAT: PXM 0 -> APIC 0xfe -> Node 0
[    0.012196] ACPI: SRAT: Node 0 PXM 0 [mem 0x00000000-0x0009ffff]
[    0.012198] ACPI: SRAT: Node 0 PXM 0 [mem 0x00100000-0xbfffffff]
[    0.012199] ACPI: SRAT: Node 0 PXM 0 [mem 0x100000000-0x23fffffff]
[    0.012200] ACPI: SRAT: Node 0 PXM 0 [mem 0x240000000-0x203fffffff] hotplug
[    0.012204] NUMA: Node 0 [mem 0x00000000-0x0009ffff] + [mem 0x00100000-0xbfffffff] -> [mem 0x00000000-0xbfffffff]
[    0.012206] NUMA: Node 0 [mem 0x00000000-0xbfffffff] + [mem 0x100000000-0x23fffffff] -> [mem 0x00000000-0x23fffffff]
[    0.012216] NODE_DATA(0) allocated [mem 0x23ffd3000-0x23fffdfff]
[    0.019048] Zone ranges:
[    0.019049]   DMA      [mem 0x0000000000001000-0x0000000000ffffff]
[    0.019051]   DMA32    [mem 0x0000000001000000-0x00000000ffffffff]
[    0.019053]   Normal   [mem 0x0000000100000000-0x000000023fffffff]
[    0.019054]   Device   empty
[    0.019054] Movable zone start for each node
[    0.019056] Early memory node ranges
[    0.019056]   node   0: [mem 0x0000000000001000-0x000000000009dfff]
[    0.019057]   node   0: [mem 0x0000000000100000-0x00000000bfecffff]
[    0.019058]   node   0: [mem 0x00000000bff00000-0x00000000bfffffff]
[    0.019059]   node   0: [mem 0x0000000100000000-0x000000023fffffff]
[    0.019061] Initmem setup node 0 [mem 0x0000000000001000-0x000000023fffffff]
[    0.019067] On node 0, zone DMA: 1 pages in unavailable ranges
[    0.023486] On node 0, zone DMA: 98 pages in unavailable ranges
[    0.035885] On node 0, zone DMA32: 48 pages in unavailable ranges
[    0.066906] ACPI: PM-Timer IO Port: 0x1008
[    0.066913] system APIC only can use physical flat
[    0.066927] ACPI: LAPIC_NMI (acpi_id[0x00] high edge lint[0x1])
[    0.066929] ACPI: LAPIC_NMI (acpi_id[0x01] high edge lint[0x1])
[    0.066929] ACPI: LAPIC_NMI (acpi_id[0x02] high edge lint[0x1])
[    0.066930] ACPI: LAPIC_NMI (acpi_id[0x03] high edge lint[0x1])
[    0.066931] ACPI: LAPIC_NMI (acpi_id[0x04] high edge lint[0x1])
[    0.066931] ACPI: LAPIC_NMI (acpi_id[0x05] high edge lint[0x1])
[    0.066932] ACPI: LAPIC_NMI (acpi_id[0x06] high edge lint[0x1])
[    0.066932] ACPI: LAPIC_NMI (acpi_id[0x07] high edge lint[0x1])
[    0.066933] ACPI: LAPIC_NMI (acpi_id[0x08] high edge lint[0x1])
[    0.066933] ACPI: LAPIC_NMI (acpi_id[0x09] high edge lint[0x1])
[    0.066934] ACPI: LAPIC_NMI (acpi_id[0x0a] high edge lint[0x1])
[    0.066934] ACPI: LAPIC_NMI (acpi_id[0x0b] high edge lint[0x1])
[    0.066935] ACPI: LAPIC_NMI (acpi_id[0x0c] high edge lint[0x1])
[    0.066935] ACPI: LAPIC_NMI (acpi_id[0x0d] high edge lint[0x1])
[    0.066936] ACPI: LAPIC_NMI (acpi_id[0x0e] high edge lint[0x1])
[    0.066936] ACPI: LAPIC_NMI (acpi_id[0x0f] high edge lint[0x1])
[    0.066937] ACPI: LAPIC_NMI (acpi_id[0x10] high edge lint[0x1])
[    0.066938] ACPI: LAPIC_NMI (acpi_id[0x11] high edge lint[0x1])
[    0.066938] ACPI: LAPIC_NMI (acpi_id[0x12] high edge lint[0x1])
[    0.066939] ACPI: LAPIC_NMI (acpi_id[0x13] high edge lint[0x1])
[    0.066939] ACPI: LAPIC_NMI (acpi_id[0x14] high edge lint[0x1])
[    0.066940] ACPI: LAPIC_NMI (acpi_id[0x15] high edge lint[0x1])
[    0.066940] ACPI: LAPIC_NMI (acpi_id[0x16] high edge lint[0x1])
[    0.066941] ACPI: LAPIC_NMI (acpi_id[0x17] high edge lint[0x1])
[    0.066941] ACPI: LAPIC_NMI (acpi_id[0x18] high edge lint[0x1])
[    0.066942] ACPI: LAPIC_NMI (acpi_id[0x19] high edge lint[0x1])
[    0.066942] ACPI: LAPIC_NMI (acpi_id[0x1a] high edge lint[0x1])
[    0.066943] ACPI: LAPIC_NMI (acpi_id[0x1b] high edge lint[0x1])
[    0.066944] ACPI: LAPIC_NMI (acpi_id[0x1c] high edge lint[0x1])
[    0.066944] ACPI: LAPIC_NMI (acpi_id[0x1d] high edge lint[0x1])
[    0.066945] ACPI: LAPIC_NMI (acpi_id[0x1e] high edge lint[0x1])
[    0.066945] ACPI: LAPIC_NMI (acpi_id[0x1f] high edge lint[0x1])
[    0.066946] ACPI: LAPIC_NMI (acpi_id[0x20] high edge lint[0x1])
[    0.066946] ACPI: LAPIC_NMI (acpi_id[0x21] high edge lint[0x1])
[    0.066947] ACPI: LAPIC_NMI (acpi_id[0x22] high edge lint[0x1])
[    0.066947] ACPI: LAPIC_NMI (acpi_id[0x23] high edge lint[0x1])
[    0.066948] ACPI: LAPIC_NMI (acpi_id[0x24] high edge lint[0x1])
[    0.066948] ACPI: LAPIC_NMI (acpi_id[0x25] high edge lint[0x1])
[    0.066949] ACPI: LAPIC_NMI (acpi_id[0x26] high edge lint[0x1])
[    0.066949] ACPI: LAPIC_NMI (acpi_id[0x27] high edge lint[0x1])
[    0.066950] ACPI: LAPIC_NMI (acpi_id[0x28] high edge lint[0x1])
[    0.066950] ACPI: LAPIC_NMI (acpi_id[0x29] high edge lint[0x1])
[    0.066951] ACPI: LAPIC_NMI (acpi_id[0x2a] high edge lint[0x1])
[    0.066951] ACPI: LAPIC_NMI (acpi_id[0x2b] high edge lint[0x1])
[    0.066952] ACPI: LAPIC_NMI (acpi_id[0x2c] high edge lint[0x1])
[    0.066953] ACPI: LAPIC_NMI (acpi_id[0x2d] high edge lint[0x1])
[    0.066953] ACPI: LAPIC_NMI (acpi_id[0x2e] high edge lint[0x1])
[    0.066954] ACPI: LAPIC_NMI (acpi_id[0x2f] high edge lint[0x1])
[    0.066954] ACPI: LAPIC_NMI (acpi_id[0x30] high edge lint[0x1])
[    0.066955] ACPI: LAPIC_NMI (acpi_id[0x31] high edge lint[0x1])
[    0.066955] ACPI: LAPIC_NMI (acpi_id[0x32] high edge lint[0x1])
[    0.066956] ACPI: LAPIC_NMI (acpi_id[0x33] high edge lint[0x1])
[    0.066956] ACPI: LAPIC_NMI (acpi_id[0x34] high edge lint[0x1])
[    0.066957] ACPI: LAPIC_NMI (acpi_id[0x35] high edge lint[0x1])
[    0.066957] ACPI: LAPIC_NMI (acpi_id[0x36] high edge lint[0x1])
[    0.066958] ACPI: LAPIC_NMI (acpi_id[0x37] high edge lint[0x1])
[    0.066958] ACPI: LAPIC_NMI (acpi_id[0x38] high edge lint[0x1])
[    0.066959] ACPI: LAPIC_NMI (acpi_id[0x39] high edge lint[0x1])
[    0.066959] ACPI: LAPIC_NMI (acpi_id[0x3a] high edge lint[0x1])
[    0.066960] ACPI: LAPIC_NMI (acpi_id[0x3b] high edge lint[0x1])
[    0.066960] ACPI: LAPIC_NMI (acpi_id[0x3c] high edge lint[0x1])
[    0.066961] ACPI: LAPIC_NMI (acpi_id[0x3d] high edge lint[0x1])
[    0.066962] ACPI: LAPIC_NMI (acpi_id[0x3e] high edge lint[0x1])
[    0.066962] ACPI: LAPIC_NMI (acpi_id[0x3f] high edge lint[0x1])
[    0.066963] ACPI: LAPIC_NMI (acpi_id[0x40] high edge lint[0x1])
[    0.066963] ACPI: LAPIC_NMI (acpi_id[0x41] high edge lint[0x1])
[    0.066964] ACPI: LAPIC_NMI (acpi_id[0x42] high edge lint[0x1])
[    0.066964] ACPI: LAPIC_NMI (acpi_id[0x43] high edge lint[0x1])
[    0.066965] ACPI: LAPIC_NMI (acpi_id[0x44] high edge lint[0x1])
[    0.066965] ACPI: LAPIC_NMI (acpi_id[0x45] high edge lint[0x1])
[    0.066966] ACPI: LAPIC_NMI (acpi_id[0x46] high edge lint[0x1])
[    0.066966] ACPI: LAPIC_NMI (acpi_id[0x47] high edge lint[0x1])
[    0.066967] ACPI: LAPIC_NMI (acpi_id[0x48] high edge lint[0x1])
[    0.066967] ACPI: LAPIC_NMI (acpi_id[0x49] high edge lint[0x1])
[    0.066968] ACPI: LAPIC_NMI (acpi_id[0x4a] high edge lint[0x1])
[    0.066968] ACPI: LAPIC_NMI (acpi_id[0x4b] high edge lint[0x1])
[    0.066969] ACPI: LAPIC_NMI (acpi_id[0x4c] high edge lint[0x1])
[    0.066969] ACPI: LAPIC_NMI (acpi_id[0x4d] high edge lint[0x1])
[    0.066970] ACPI: LAPIC_NMI (acpi_id[0x4e] high edge lint[0x1])
[    0.066971] ACPI: LAPIC_NMI (acpi_id[0x4f] high edge lint[0x1])
[    0.066971] ACPI: LAPIC_NMI (acpi_id[0x50] high edge lint[0x1])
[    0.066972] ACPI: LAPIC_NMI (acpi_id[0x51] high edge lint[0x1])
[    0.066972] ACPI: LAPIC_NMI (acpi_id[0x52] high edge lint[0x1])
[    0.066973] ACPI: LAPIC_NMI (acpi_id[0x53] high edge lint[0x1])
[    0.066973] ACPI: LAPIC_NMI (acpi_id[0x54] high edge lint[0x1])
[    0.066974] ACPI: LAPIC_NMI (acpi_id[0x55] high edge lint[0x1])
[    0.066974] ACPI: LAPIC_NMI (acpi_id[0x56] high edge lint[0x1])
[    0.066975] ACPI: LAPIC_NMI (acpi_id[0x57] high edge lint[0x1])
[    0.066975] ACPI: LAPIC_NMI (acpi_id[0x58] high edge lint[0x1])
[    0.066976] ACPI: LAPIC_NMI (acpi_id[0x59] high edge lint[0x1])
[    0.066976] ACPI: LAPIC_NMI (acpi_id[0x5a] high edge lint[0x1])
[    0.066977] ACPI: LAPIC_NMI (acpi_id[0x5b] high edge lint[0x1])
[    0.066977] ACPI: LAPIC_NMI (acpi_id[0x5c] high edge lint[0x1])
[    0.066978] ACPI: LAPIC_NMI (acpi_id[0x5d] high edge lint[0x1])
[    0.066979] ACPI: LAPIC_NMI (acpi_id[0x5e] high edge lint[0x1])
[    0.066979] ACPI: LAPIC_NMI (acpi_id[0x5f] high edge lint[0x1])
[    0.066980] ACPI: LAPIC_NMI (acpi_id[0x60] high edge lint[0x1])
[    0.066980] ACPI: LAPIC_NMI (acpi_id[0x61] high edge lint[0x1])
[    0.066981] ACPI: LAPIC_NMI (acpi_id[0x62] high edge lint[0x1])
[    0.066981] ACPI: LAPIC_NMI (acpi_id[0x63] high edge lint[0x1])
[    0.066982] ACPI: LAPIC_NMI (acpi_id[0x64] high edge lint[0x1])
[    0.066982] ACPI: LAPIC_NMI (acpi_id[0x65] high edge lint[0x1])
[    0.066983] ACPI: LAPIC_NMI (acpi_id[0x66] high edge lint[0x1])
[    0.066983] ACPI: LAPIC_NMI (acpi_id[0x67] high edge lint[0x1])
[    0.066984] ACPI: LAPIC_NMI (acpi_id[0x68] high edge lint[0x1])
[    0.066984] ACPI: LAPIC_NMI (acpi_id[0x69] high edge lint[0x1])
[    0.066985] ACPI: LAPIC_NMI (acpi_id[0x6a] high edge lint[0x1])
[    0.066985] ACPI: LAPIC_NMI (acpi_id[0x6b] high edge lint[0x1])
[    0.066986] ACPI: LAPIC_NMI (acpi_id[0x6c] high edge lint[0x1])
[    0.066987] ACPI: LAPIC_NMI (acpi_id[0x6d] high edge lint[0x1])
[    0.066987] ACPI: LAPIC_NMI (acpi_id[0x6e] high edge lint[0x1])
[    0.066988] ACPI: LAPIC_NMI (acpi_id[0x6f] high edge lint[0x1])
[    0.066988] ACPI: LAPIC_NMI (acpi_id[0x70] high edge lint[0x1])
[    0.066989] ACPI: LAPIC_NMI (acpi_id[0x71] high edge lint[0x1])
[    0.066989] ACPI: LAPIC_NMI (acpi_id[0x72] high edge lint[0x1])
[    0.066990] ACPI: LAPIC_NMI (acpi_id[0x73] high edge lint[0x1])
[    0.066990] ACPI: LAPIC_NMI (acpi_id[0x74] high edge lint[0x1])
[    0.066991] ACPI: LAPIC_NMI (acpi_id[0x75] high edge lint[0x1])
[    0.066991] ACPI: LAPIC_NMI (acpi_id[0x76] high edge lint[0x1])
[    0.066992] ACPI: LAPIC_NMI (acpi_id[0x77] high edge lint[0x1])
[    0.066992] ACPI: LAPIC_NMI (acpi_id[0x78] high edge lint[0x1])
[    0.066993] ACPI: LAPIC_NMI (acpi_id[0x79] high edge lint[0x1])
[    0.066993] ACPI: LAPIC_NMI (acpi_id[0x7a] high edge lint[0x1])
[    0.066994] ACPI: LAPIC_NMI (acpi_id[0x7b] high edge lint[0x1])
[    0.066994] ACPI: LAPIC_NMI (acpi_id[0x7c] high edge lint[0x1])
[    0.066995] ACPI: LAPIC_NMI (acpi_id[0x7d] high edge lint[0x1])
[    0.066996] ACPI: LAPIC_NMI (acpi_id[0x7e] high edge lint[0x1])
[    0.066996] ACPI: LAPIC_NMI (acpi_id[0x7f] high edge lint[0x1])
[    0.067061] IOAPIC[0]: apic_id 1, version 32, address 0xfec00000, GSI 0-23
[    0.067065] ACPI: INT_SRC_OVR (bus 0 bus_irq 0 global_irq 2 high edge)
[    0.067073] ACPI: Using ACPI (MADT) for SMP configuration information
[    0.067074] ACPI: HPET id: 0x8086af01 base: 0xfed00000
[    0.067079] TSC deadline timer available
[    0.067079] smpboot: Allowing 128 CPUs, 126 hotplug CPUs
[    0.067092] PM: hibernation: Registered nosave memory: [mem 0x00000000-0x00000fff]
[    0.067094] PM: hibernation: Registered nosave memory: [mem 0x0009e000-0x0009efff]
[    0.067094] PM: hibernation: Registered nosave memory: [mem 0x0009f000-0x0009ffff]
[    0.067095] PM: hibernation: Registered nosave memory: [mem 0x000a0000-0x000dbfff]
[    0.067095] PM: hibernation: Registered nosave memory: [mem 0x000dc000-0x000fffff]
[    0.067096] PM: hibernation: Registered nosave memory: [mem 0xbfed0000-0xbfefefff]
[    0.067097] PM: hibernation: Registered nosave memory: [mem 0xbfeff000-0xbfefffff]
[    0.067098] PM: hibernation: Registered nosave memory: [mem 0xc0000000-0xefffffff]
[    0.067099] PM: hibernation: Registered nosave memory: [mem 0xf0000000-0xf7ffffff]
[    0.067099] PM: hibernation: Registered nosave memory: [mem 0xf8000000-0xfebfffff]
[    0.067100] PM: hibernation: Registered nosave memory: [mem 0xfec00000-0xfec0ffff]
[    0.067100] PM: hibernation: Registered nosave memory: [mem 0xfec10000-0xfedfffff]
[    0.067100] PM: hibernation: Registered nosave memory: [mem 0xfee00000-0xfee00fff]
[    0.067101] PM: hibernation: Registered nosave memory: [mem 0xfee01000-0xfffdffff]
[    0.067101] PM: hibernation: Registered nosave memory: [mem 0xfffe0000-0xffffffff]
[    0.067103] [mem 0xc0000000-0xefffffff] available for PCI devices
[    0.067104] Booting paravirtualized kernel on VMware hypervisor
[    0.067106] clocksource: refined-jiffies: mask: 0xffffffff max_cycles: 0xffffffff, max_idle_ns: 7645519600211568 ns
[    0.067112] setup_percpu: NR_CPUS:8192 nr_cpumask_bits:128 nr_cpu_ids:128 nr_node_ids:1
[    0.761356] percpu: Embedded 63 pages/cpu s221184 r8192 d28672 u262144
[    0.761370] pcpu-alloc: s221184 r8192 d28672 u262144 alloc=1*2097152
[    0.761374] pcpu-alloc: [0] 000 001 002 003 004 005 006 007 
[    0.761380] pcpu-alloc: [0] 008 009 010 011 012 013 014 015 
[    0.761385] pcpu-alloc: [0] 016 017 018 019 020 021 022 023 
[    0.761390] pcpu-alloc: [0] 024 025 026 027 028 029 030 031 
[    0.761395] pcpu-alloc: [0] 032 033 034 035 036 037 038 039 
[    0.761400] pcpu-alloc: [0] 040 041 042 043 044 045 046 047 
[    0.761406] pcpu-alloc: [0] 048 049 050 051 052 053 054 055 
[    0.761411] pcpu-alloc: [0] 056 057 058 059 060 061 062 063 
[    0.761416] pcpu-alloc: [0] 064 065 066 067 068 069 070 071 
[    0.761421] pcpu-alloc: [0] 072 073 074 075 076 077 078 079 
[    0.761426] pcpu-alloc: [0] 080 081 082 083 084 085 086 087 
[    0.761432] pcpu-alloc: [0] 088 089 090 091 092 093 094 095 
[    0.761437] pcpu-alloc: [0] 096 097 098 099 100 101 102 103 
[    0.761442] pcpu-alloc: [0] 104 105 106 107 108 109 110 111 
[    0.761447] pcpu-alloc: [0] 112 113 114 115 116 117 118 119 
[    0.761453] pcpu-alloc: [0] 120 121 122 123 124 125 126 127 
[    0.761489] Kernel command line: BOOT_IMAGE=/boot/vmlinuz-6.7.0-rc5+ root=UUID=290c1412-838e-4dc4-8b32-356493faf6af ro find_preseed=/preseed.cfg auto noprompt priority=critical locale=en_US quiet splash
[    0.761654] Unknown kernel command line parameters "auto noprompt splash BOOT_IMAGE=/boot/vmlinuz-6.7.0-rc5+ find_preseed=/preseed.cfg priority=critical locale=en_US", will be passed to user space.
[    0.761689] random: crng init done
[    0.761690] printk: log_buf_len individual max cpu contribution: 4096 bytes
[    0.761691] printk: log_buf_len total cpu_extra contributions: 520192 bytes
[    0.761691] printk: log_buf_len min size: 262144 bytes
[    0.851580] printk: log_buf_len: 1048576 bytes
[    0.851583] printk: early log buf free: 227496(86%)
[    0.853911] Dentry cache hash table entries: 1048576 (order: 11, 8388608 bytes, linear)
[    0.855189] Inode-cache hash table entries: 524288 (order: 10, 4194304 bytes, linear)
[    0.870549] Fallback order for Node 0: 0 
[    0.870572] Built 1 zonelists, mobility grouping on.  Total pages: 2064080
[    0.870575] Policy zone: Normal
[    0.870584] mem auto-init: stack:off, heap alloc:on, heap free:off
[    0.870590] software IO TLB: area num 128.
[    1.662912] Memory: 8032300K/8388020K available (20480K kernel code, 4265K rwdata, 7372K rodata, 4844K init, 5056K bss, 355460K reserved, 0K cma-reserved)
[    1.663287] SLUB: HWalign=64, Order=0-3, MinObjects=0, CPUs=128, Nodes=1
[    1.664454] Kernel/User page tables isolation: enabled
[    1.668032] ftrace: allocating 52831 entries in 207 pages
[    1.697452] ftrace: allocated 207 pages with 6 groups
[    1.705999] Dynamic Preempt: voluntary
[    1.714037] rcu: Preemptible hierarchical RCU implementation.
[    1.714040] rcu: 	RCU restricting CPUs from NR_CPUS=8192 to nr_cpu_ids=128.
[    1.714042] 	Trampoline variant of Tasks RCU enabled.
[    1.714042] 	Rude variant of Tasks RCU enabled.
[    1.714042] 	Tracing variant of Tasks RCU enabled.
[    1.714043] rcu: RCU calculated value of scheduler-enlistment delay is 25 jiffies.
[    1.714044] rcu: Adjusting geometry for rcu_fanout_leaf=16, nr_cpu_ids=128
[    1.726212] NR_IRQS: 524544, nr_irqs: 1448, preallocated irqs: 16
[    1.727415] rcu: srcu_init: Setting srcu_struct sizes to big.
[    1.730626] Console: colour VGA+ 80x25
[    1.730631] printk: legacy console [tty0] enabled
[    1.730800] ACPI: Core revision 20230628
[    1.732607] clocksource: hpet: mask: 0xffffffff max_cycles: 0xffffffff, max_idle_ns: 133484882848 ns
[    1.732729] APIC: Switch to symmetric I/O mode setup
[    1.732928] x2apic enabled
[    1.733195] APIC: Switched APIC routing to: physical x2apic
[    1.735071] ..TIMER: vector=0x30 apic1=0 pin1=2 apic2=-1 pin2=-1
[    1.735109] clocksource: tsc-early: mask: 0xffffffffffffffff max_cycles: 0x396d4bf570c, max_idle_ns: 881590425443 ns
[    1.735118] Calibrating delay loop (skipped) preset value.. 3983.99 BogoMIPS (lpj=7967988)
[    1.735164] Disabled fast string operations
[    1.735258] Last level iTLB entries: 4KB 64, 2MB 8, 4MB 8
[    1.735259] Last level dTLB entries: 4KB 64, 2MB 0, 4MB 0, 1GB 4
[    1.735263] Spectre V1 : Mitigation: usercopy/swapgs barriers and __user pointer sanitization
[    1.735265] Spectre V2 : Mitigation: IBRS
[    1.735266] Spectre V2 : Spectre v2 / SpectreRSB mitigation: Filling RSB on context switch
[    1.735267] Spectre V2 : Spectre v2 / SpectreRSB : Filling RSB on VMEXIT
[    1.735268] RETBleed: Mitigation: IBRS
[    1.735269] Spectre V2 : mitigation: Enabling conditional Indirect Branch Prediction Barrier
[    1.735271] Speculative Store Bypass: Mitigation: Speculative Store Bypass disabled via prctl
[    1.735278] MDS: Mitigation: Clear CPU buffers
[    1.735279] MMIO Stale Data: Mitigation: Clear CPU buffers
[    1.735281] SRBDS: Unknown: Dependent on hypervisor status
[    1.735282] GDS: Unknown: Dependent on hypervisor status
[    1.735296] x86/fpu: Supporting XSAVE feature 0x001: 'x87 floating point registers'
[    1.735298] x86/fpu: Supporting XSAVE feature 0x002: 'SSE registers'
[    1.735299] x86/fpu: Supporting XSAVE feature 0x004: 'AVX registers'
[    1.735300] x86/fpu: xstate_offset[2]:  576, xstate_sizes[2]:  256
[    1.735301] x86/fpu: Enabled xstate features 0x7, context size is 832 bytes, using 'compacted' format.
[    1.771746] Freeing SMP alternatives memory: 44K
[    1.771751] pid_max: default: 131072 minimum: 1024
[    1.779289] LSM: initializing lsm=lockdown,capability,landlock,yama,apparmor,integrity
[    1.779357] landlock: Up and running.
[    1.779360] Yama: becoming mindful.
[    1.779436] AppArmor: AppArmor initialized
[    1.784455] Mount-cache hash table entries: 16384 (order: 5, 131072 bytes, linear)
[    1.786446] Mountpoint-cache hash table entries: 16384 (order: 5, 131072 bytes, linear)
[    1.795196] smpboot: CPU0: Intel(R) Core(TM) i7-8550U CPU @ 1.80GHz (family: 0x6, model: 0x8e, stepping: 0xa)
[    1.797812] RCU Tasks: Setting shift to 7 and lim to 1 rcu_task_cb_adjust=1.
[    1.797857] RCU Tasks Rude: Setting shift to 7 and lim to 1 rcu_task_cb_adjust=1.
[    1.798532] RCU Tasks Trace: Setting shift to 7 and lim to 1 rcu_task_cb_adjust=1.
[    1.798672] Performance Events: Skylake events, core PMU driver.
[    1.799114] core: CPUID marked event: 'cpu cycles' unavailable
[    1.799114] core: CPUID marked event: 'instructions' unavailable
[    1.799114] core: CPUID marked event: 'bus cycles' unavailable
[    1.799114] core: CPUID marked event: 'cache references' unavailable
[    1.799114] core: CPUID marked event: 'cache misses' unavailable
[    1.799114] core: CPUID marked event: 'branch instructions' unavailable
[    1.799114] core: CPUID marked event: 'branch misses' unavailable
[    1.799114] ... version:                1
[    1.799114] ... bit width:              48
[    1.799114] ... generic registers:      4
[    1.799114] ... value mask:             0000ffffffffffff
[    1.799114] ... max period:             000000007fffffff
[    1.799114] ... fixed-purpose events:   0
[    1.799114] ... event mask:             000000000000000f
[    1.799218] signal: max sigframe size: 1776
[    1.800485] rcu: Hierarchical SRCU implementation.
[    1.800488] rcu: 	Max phase no-delay instances is 1000.
[    1.802245] NMI watchdog: Perf NMI watchdog permanently disabled
[    1.843932] smp: Bringing up secondary CPUs ...
[    1.845047] smpboot: x86: Booting SMP configuration:
[    1.845050] .... node  #0, CPUs:          #1
[    0.011462] Disabled fast string operations
[    0.011462] smpboot: CPU 1 Converting physical 2 to logical package 1
[    0.011462] smpboot: CPU 1 Converting physical 0 to logical die 1
[    1.845858] smp: Brought up 1 node, 2 CPUs
[    1.845858] smpboot: Max logical packages: 128
[    1.845858] smpboot: Total of 2 processors activated (7967.98 BogoMIPS)
[    1.851134] devtmpfs: initialized
[    1.851299] x86/mm: Memory block size: 128MB
[    1.857649] ACPI: PM: Registering ACPI NVS region [mem 0xbfeff000-0xbfefffff] (4096 bytes)
[    1.859303] clocksource: jiffies: mask: 0xffffffff max_cycles: 0xffffffff, max_idle_ns: 7645041785100000 ns
[    1.860049] futex hash table entries: 32768 (order: 9, 2097152 bytes, linear)
[    1.862717] pinctrl core: initialized pinctrl subsystem
[    1.863360] PM: RTC time: 01:20:45, date: 2023-12-18
[    1.894080] NET: Registered PF_NETLINK/PF_ROUTE protocol family
[    1.903279] DMA: preallocated 1024 KiB GFP_KERNEL pool for atomic allocations
[    1.903754] DMA: preallocated 1024 KiB GFP_KERNEL|GFP_DMA pool for atomic allocations
[    1.904027] DMA: preallocated 1024 KiB GFP_KERNEL|GFP_DMA32 pool for atomic allocations
[    1.904189] audit: initializing netlink subsys (disabled)
[    1.904441] thermal_sys: Registered thermal governor 'fair_share'
[    1.904443] thermal_sys: Registered thermal governor 'bang_bang'
[    1.904445] thermal_sys: Registered thermal governor 'step_wise'
[    1.904446] thermal_sys: Registered thermal governor 'user_space'
[    1.904446] thermal_sys: Registered thermal governor 'power_allocator'
[    1.904462] EISA bus registered
[    1.904473] audit: type=2000 audit(1702862445.168:1): state=initialized audit_enabled=0 res=1
[    1.904524] cpuidle: using governor ladder
[    1.904524] cpuidle: using governor menu
[    1.907176] Simple Boot Flag at 0x36 set to 0x80
[    1.907272] acpiphp: ACPI Hot Plug PCI Controller Driver version: 0.5
[    1.907823] PCI: MMCONFIG for domain 0000 [bus 00-7f] at [mem 0xf0000000-0xf7ffffff] (base 0xf0000000)
[    1.907828] PCI: MMCONFIG at [mem 0xf0000000-0xf7ffffff] reserved as E820 entry
[    1.907840] PCI: Using configuration type 1 for base access
[    1.908292] kprobes: kprobe jump-optimization is enabled. All kprobes are optimized if possible.
[    1.940626] HugeTLB: registered 1.00 GiB page size, pre-allocated 0 pages
[    1.940626] HugeTLB: 16380 KiB vmemmap can be freed for a 1.00 GiB page
[    1.940626] HugeTLB: registered 2.00 MiB page size, pre-allocated 0 pages
[    1.940626] HugeTLB: 28 KiB vmemmap can be freed for a 2.00 MiB page
[    1.948357] ACPI: Added _OSI(Module Device)
[    1.948360] ACPI: Added _OSI(Processor Device)
[    1.948361] ACPI: Added _OSI(3.0 _SCP Extensions)
[    1.948362] ACPI: Added _OSI(Processor Aggregator Device)
[    2.016319] ACPI: 1 ACPI AML tables successfully acquired and loaded
[    2.023072] ACPI: [Firmware Bug]: BIOS _OSI(Linux) query ignored
[    2.028350] ACPI: _OSC evaluation for CPUs failed, trying _PDC
[    2.061333] ACPI: Interpreter enabled
[    2.061350] ACPI: PM: (supports S0 S1 S4 S5)
[    2.061352] ACPI: Using IOAPIC for interrupt routing
[    2.063772] PCI: Using host bridge windows from ACPI; if necessary, use "pci=nocrs" and report a bug
[    2.063774] PCI: Using E820 reservations for host bridge windows
[    2.065690] ACPI: Enabled 4 GPEs in block 00 to 0F
[    2.354535] ACPI: PCI Root Bridge [PCI0] (domain 0000 [bus 00-7f])
[    2.354546] acpi PNP0A03:00: _OSC: OS supports [ExtendedConfig ASPM ClockPM Segments MSI EDR HPX-Type3]
[    2.354689] acpi PNP0A03:00: _OSC: platform does not support [AER LTR DPC]
[    2.354933] acpi PNP0A03:00: _OSC: OS now controls [PCIeHotplug SHPCHotplug PME PCIeCapability]
[    2.357496] PCI host bridge to bus 0000:00
[    2.357498] pci_bus 0000:00: root bus resource [mem 0x000a0000-0x000bffff window]
[    2.357501] pci_bus 0000:00: root bus resource [mem 0x000d0000-0x000dbfff window]
[    2.357502] pci_bus 0000:00: root bus resource [mem 0xc0000000-0xfebfffff window]
[    2.357504] pci_bus 0000:00: root bus resource [io  0x0000-0x0cf7 window]
[    2.357505] pci_bus 0000:00: root bus resource [io  0x0d00-0xfeff window]
[    2.357506] pci_bus 0000:00: root bus resource [bus 00-7f]
[    2.357642] pci 0000:00:00.0: [8086:7190] type 00 class 0x060000
[    2.358317] pci 0000:00:01.0: [8086:7191] type 01 class 0x060400
[    2.359967] pci 0000:00:07.0: [8086:7110] type 00 class 0x060100
[    2.360812] pci 0000:00:07.1: [8086:7111] type 00 class 0x01018a
[    2.362658] pci 0000:00:07.1: reg 0x20: [io  0x1060-0x106f]
[    2.363167] pci 0000:00:07.1: legacy IDE quirk: reg 0x10: [io  0x01f0-0x01f7]
[    2.363170] pci 0000:00:07.1: legacy IDE quirk: reg 0x14: [io  0x03f6]
[    2.363171] pci 0000:00:07.1: legacy IDE quirk: reg 0x18: [io  0x0170-0x0177]
[    2.363172] pci 0000:00:07.1: legacy IDE quirk: reg 0x1c: [io  0x0376]
[    2.363405] pci 0000:00:07.3: [8086:7113] type 00 class 0x068000
[    2.365331] pci 0000:00:07.3: quirk: [io  0x1000-0x103f] claimed by PIIX4 ACPI
[    2.365345] pci 0000:00:07.3: quirk: [io  0x1040-0x104f] claimed by PIIX4 SMB
[    2.366956] pci 0000:00:07.7: [15ad:0740] type 00 class 0x088000
[    2.367332] pci 0000:00:07.7: reg 0x10: [io  0x1080-0x10bf]
[    2.367801] pci 0000:00:07.7: reg 0x14: [mem 0xfebc0000-0xfebfffff 64bit]
[    2.373019] pci 0000:00:0f.0: [15ad:0405] type 00 class 0x030000
[    2.373882] pci 0000:00:0f.0: reg 0x10: [io  0x1070-0x107f]
[    2.375118] pci 0000:00:0f.0: reg 0x14: [mem 0xe8000000-0xefffffff pref]
[    2.375868] pci 0000:00:0f.0: reg 0x18: [mem 0xfe000000-0xfe7fffff]
[    2.379119] pci 0000:00:0f.0: reg 0x30: [mem 0x00000000-0x00007fff pref]
[    2.379198] pci 0000:00:0f.0: Video device with shadowed ROM at [mem 0x000c0000-0x000dffff]
[    2.379975] pci 0000:00:10.0: [1000:0030] type 00 class 0x010000
[    2.380929] pci 0000:00:10.0: reg 0x10: [io  0x1400-0x14ff]
[    2.381930] pci 0000:00:10.0: reg 0x14: [mem 0xfeb80000-0xfeb9ffff 64bit]
[    2.382934] pci 0000:00:10.0: reg 0x1c: [mem 0xfeba0000-0xfebbffff 64bit]
[    2.384226] pci 0000:00:10.0: reg 0x30: [mem 0x00000000-0x00003fff pref]
[    2.384816] pci 0000:00:11.0: [15ad:0790] type 01 class 0x060401
[    2.386639] pci 0000:00:15.0: [15ad:07a0] type 01 class 0x060400
[    2.387609] pci 0000:00:15.0: PME# supported from D0 D3hot D3cold
[    2.389126] pci 0000:00:15.1: [15ad:07a0] type 01 class 0x060400
[    2.389945] pci 0000:00:15.1: PME# supported from D0 D3hot D3cold
[    2.391269] pci 0000:00:15.2: [15ad:07a0] type 01 class 0x060400
[    2.392090] pci 0000:00:15.2: PME# supported from D0 D3hot D3cold
[    2.392594] pci 0000:00:15.3: [15ad:07a0] type 01 class 0x060400
[    2.393405] pci 0000:00:15.3: PME# supported from D0 D3hot D3cold
[    2.393923] pci 0000:00:15.4: [15ad:07a0] type 01 class 0x060400
[    2.394822] pci 0000:00:15.4: PME# supported from D0 D3hot D3cold
[    2.395299] pci 0000:00:15.5: [15ad:07a0] type 01 class 0x060400
[    2.396157] pci 0000:00:15.5: PME# supported from D0 D3hot D3cold
[    2.397420] pci 0000:00:15.6: [15ad:07a0] type 01 class 0x060400
[    2.398241] pci 0000:00:15.6: PME# supported from D0 D3hot D3cold
[    2.398763] pci 0000:00:15.7: [15ad:07a0] type 01 class 0x060400
[    2.399587] pci 0000:00:15.7: PME# supported from D0 D3hot D3cold
[    2.400089] pci 0000:00:16.0: [15ad:07a0] type 01 class 0x060400
[    2.400906] pci 0000:00:16.0: PME# supported from D0 D3hot D3cold
[    2.401405] pci 0000:00:16.1: [15ad:07a0] type 01 class 0x060400
[    2.402225] pci 0000:00:16.1: PME# supported from D0 D3hot D3cold
[    2.403219] pci 0000:00:16.2: [15ad:07a0] type 01 class 0x060400
[    2.404044] pci 0000:00:16.2: PME# supported from D0 D3hot D3cold
[    2.404557] pci 0000:00:16.3: [15ad:07a0] type 01 class 0x060400
[    2.405370] pci 0000:00:16.3: PME# supported from D0 D3hot D3cold
[    2.405864] pci 0000:00:16.4: [15ad:07a0] type 01 class 0x060400
[    2.406682] pci 0000:00:16.4: PME# supported from D0 D3hot D3cold
[    2.407375] pci 0000:00:16.5: [15ad:07a0] type 01 class 0x060400
[    2.408194] pci 0000:00:16.5: PME# supported from D0 D3hot D3cold
[    2.408684] pci 0000:00:16.6: [15ad:07a0] type 01 class 0x060400
[    2.409589] pci 0000:00:16.6: PME# supported from D0 D3hot D3cold
[    2.411375] pci 0000:00:16.7: [15ad:07a0] type 01 class 0x060400
[    2.412203] pci 0000:00:16.7: PME# supported from D0 D3hot D3cold
[    2.413822] pci 0000:00:17.0: [15ad:07a0] type 01 class 0x060400
[    2.414644] pci 0000:00:17.0: PME# supported from D0 D3hot D3cold
[    2.415164] pci 0000:00:17.1: [15ad:07a0] type 01 class 0x060400
[    2.416012] pci 0000:00:17.1: PME# supported from D0 D3hot D3cold
[    2.416530] pci 0000:00:17.2: [15ad:07a0] type 01 class 0x060400
[    2.417348] pci 0000:00:17.2: PME# supported from D0 D3hot D3cold
[    2.418448] pci 0000:00:17.3: [15ad:07a0] type 01 class 0x060400
[    2.419266] pci 0000:00:17.3: PME# supported from D0 D3hot D3cold
[    2.419750] pci 0000:00:17.4: [15ad:07a0] type 01 class 0x060400
[    2.420600] pci 0000:00:17.4: PME# supported from D0 D3hot D3cold
[    2.421088] pci 0000:00:17.5: [15ad:07a0] type 01 class 0x060400
[    2.421906] pci 0000:00:17.5: PME# supported from D0 D3hot D3cold
[    2.422421] pci 0000:00:17.6: [15ad:07a0] type 01 class 0x060400
[    2.423236] pci 0000:00:17.6: PME# supported from D0 D3hot D3cold
[    2.424032] pci 0000:00:17.7: [15ad:07a0] type 01 class 0x060400
[    2.424908] pci 0000:00:17.7: PME# supported from D0 D3hot D3cold
[    2.425458] pci 0000:00:18.0: [15ad:07a0] type 01 class 0x060400
[    2.426276] pci 0000:00:18.0: PME# supported from D0 D3hot D3cold
[    2.426765] pci 0000:00:18.1: [15ad:07a0] type 01 class 0x060400
[    2.427592] pci 0000:00:18.1: PME# supported from D0 D3hot D3cold
[    2.428615] pci 0000:00:18.2: [15ad:07a0] type 01 class 0x060400
[    2.429434] pci 0000:00:18.2: PME# supported from D0 D3hot D3cold
[    2.431256] pci 0000:00:18.3: [15ad:07a0] type 01 class 0x060400
[    2.432067] pci 0000:00:18.3: PME# supported from D0 D3hot D3cold
[    2.432624] pci 0000:00:18.4: [15ad:07a0] type 01 class 0x060400
[    2.433483] pci 0000:00:18.4: PME# supported from D0 D3hot D3cold
[    2.433971] pci 0000:00:18.5: [15ad:07a0] type 01 class 0x060400
[    2.434795] pci 0000:00:18.5: PME# supported from D0 D3hot D3cold
[    2.435343] pci 0000:00:18.6: [15ad:07a0] type 01 class 0x060400
[    2.436196] pci 0000:00:18.6: PME# supported from D0 D3hot D3cold
[    2.436725] pci 0000:00:18.7: [15ad:07a0] type 01 class 0x060400
[    2.437544] pci 0000:00:18.7: PME# supported from D0 D3hot D3cold
[    2.439707] pci_bus 0000:01: extended config space not accessible
[    2.447114] pci 0000:00:01.0: PCI bridge to [bus 01]
[    2.447315] pci_bus 0000:02: extended config space not accessible
[    2.447517] acpiphp: Slot [32] registered
[    2.447539] acpiphp: Slot [33] registered
[    2.447561] acpiphp: Slot [34] registered
[    2.447581] acpiphp: Slot [35] registered
[    2.447600] acpiphp: Slot [36] registered
[    2.447619] acpiphp: Slot [37] registered
[    2.447638] acpiphp: Slot [38] registered
[    2.447657] acpiphp: Slot [39] registered
[    2.447675] acpiphp: Slot [40] registered
[    2.447694] acpiphp: Slot [41] registered
[    2.448441] acpiphp: Slot [42] registered
[    2.448463] acpiphp: Slot [43] registered
[    2.448483] acpiphp: Slot [44] registered
[    2.448505] acpiphp: Slot [45] registered
[    2.448524] acpiphp: Slot [46] registered
[    2.448543] acpiphp: Slot [47] registered
[    2.448561] acpiphp: Slot [48] registered
[    2.448580] acpiphp: Slot [49] registered
[    2.448617] acpiphp: Slot [50] registered
[    2.448637] acpiphp: Slot [51] registered
[    2.448656] acpiphp: Slot [52] registered
[    2.448674] acpiphp: Slot [53] registered
[    2.448693] acpiphp: Slot [54] registered
[    2.448711] acpiphp: Slot [55] registered
[    2.448730] acpiphp: Slot [56] registered
[    2.448752] acpiphp: Slot [57] registered
[    2.448774] acpiphp: Slot [58] registered
[    2.448793] acpiphp: Slot [59] registered
[    2.448812] acpiphp: Slot [60] registered
[    2.448830] acpiphp: Slot [61] registered
[    2.448856] acpiphp: Slot [62] registered
[    2.448874] acpiphp: Slot [63] registered
[    2.448951] pci 0000:02:00.0: [15ad:0774] type 00 class 0x0c0300
[    2.450637] pci 0000:02:00.0: reg 0x20: [io  0x2080-0x209f]
[    2.453251] pci 0000:02:01.0: [8086:100f] type 00 class 0x020000
[    2.454220] pci 0000:02:01.0: reg 0x10: [mem 0xfd5c0000-0xfd5dffff 64bit]
[    2.455130] pci 0000:02:01.0: reg 0x18: [mem 0xfdff0000-0xfdffffff 64bit]
[    2.456074] pci 0000:02:01.0: reg 0x20: [io  0x2000-0x203f]
[    2.457224] pci 0000:02:01.0: reg 0x30: [mem 0x00000000-0x0000ffff pref]
[    2.457561] pci 0000:02:01.0: PME# supported from D0 D3hot D3cold
[    2.461237] pci 0000:02:02.0: [1274:1371] type 00 class 0x040100
[    2.462740] pci 0000:02:02.0: reg 0x10: [io  0x2040-0x207f]
[    2.470309] pci 0000:02:03.0: [15ad:0770] type 00 class 0x0c0320
[    2.471129] pci 0000:02:03.0: reg 0x10: [mem 0xfd5ef000-0xfd5effff]
[    2.477344] pci 0000:02:04.0: [15ad:07e0] type 00 class 0x010601
[    2.480630] pci 0000:02:04.0: reg 0x24: [mem 0xfd5ee000-0xfd5eefff]
[    2.480950] pci 0000:02:04.0: reg 0x30: [mem 0x00000000-0x0000ffff pref]
[    2.481410] pci 0000:02:04.0: PME# supported from D3hot
[    2.489834] pci 0000:00:11.0: PCI bridge to [bus 02] (subtractive decode)
[    2.489859] pci 0000:00:11.0:   bridge window [io  0x2000-0x3fff]
[    2.489880] pci 0000:00:11.0:   bridge window [mem 0xfd500000-0xfdffffff]
[    2.489919] pci 0000:00:11.0:   bridge window [mem 0xe7b00000-0xe7ffffff 64bit pref]
[    2.489921] pci 0000:00:11.0:   bridge window [mem 0x000a0000-0x000bffff window] (subtractive decode)
[    2.489922] pci 0000:00:11.0:   bridge window [mem 0x000d0000-0x000dbfff window] (subtractive decode)
[    2.489924] pci 0000:00:11.0:   bridge window [mem 0xc0000000-0xfebfffff window] (subtractive decode)
[    2.489925] pci 0000:00:11.0:   bridge window [io  0x0000-0x0cf7 window] (subtractive decode)
[    2.489926] pci 0000:00:11.0:   bridge window [io  0x0d00-0xfeff window] (subtractive decode)
[    2.491114] pci 0000:00:15.0: PCI bridge to [bus 03]
[    2.491127] pci 0000:00:15.0:   bridge window [io  0x4000-0x4fff]
[    2.491167] pci 0000:00:15.0:   bridge window [mem 0xfd400000-0xfd4fffff]
[    2.491211] pci 0000:00:15.0:   bridge window [mem 0xe7a00000-0xe7afffff 64bit pref]
[    2.491776] pci 0000:00:15.1: PCI bridge to [bus 04]
[    2.491797] pci 0000:00:15.1:   bridge window [io  0x8000-0x8fff]
[    2.491817] pci 0000:00:15.1:   bridge window [mem 0xfd000000-0xfd0fffff]
[    2.491856] pci 0000:00:15.1:   bridge window [mem 0xe7600000-0xe76fffff 64bit pref]
[    2.492405] pci 0000:00:15.2: PCI bridge to [bus 05]
[    2.492426] pci 0000:00:15.2:   bridge window [io  0xc000-0xcfff]
[    2.492446] pci 0000:00:15.2:   bridge window [mem 0xfcc00000-0xfccfffff]
[    2.492485] pci 0000:00:15.2:   bridge window [mem 0xe7200000-0xe72fffff 64bit pref]
[    2.493045] pci 0000:00:15.3: PCI bridge to [bus 06]
[    2.493084] pci 0000:00:15.3:   bridge window [mem 0xfc800000-0xfc8fffff]
[    2.493141] pci 0000:00:15.3:   bridge window [mem 0xe6e00000-0xe6efffff 64bit pref]
[    2.493672] pci 0000:00:15.4: PCI bridge to [bus 07]
[    2.493727] pci 0000:00:15.4:   bridge window [mem 0xfc400000-0xfc4fffff]
[    2.493797] pci 0000:00:15.4:   bridge window [mem 0xe6a00000-0xe6afffff 64bit pref]
[    2.494364] pci 0000:00:15.5: PCI bridge to [bus 08]
[    2.494404] pci 0000:00:15.5:   bridge window [mem 0xfc000000-0xfc0fffff]
[    2.494443] pci 0000:00:15.5:   bridge window [mem 0xe6600000-0xe66fffff 64bit pref]
[    2.495007] pci 0000:00:15.6: PCI bridge to [bus 09]
[    2.495046] pci 0000:00:15.6:   bridge window [mem 0xfbc00000-0xfbcfffff]
[    2.495085] pci 0000:00:15.6:   bridge window [mem 0xe6200000-0xe62fffff 64bit pref]
[    2.496436] pci 0000:00:15.7: PCI bridge to [bus 0a]
[    2.496496] pci 0000:00:15.7:   bridge window [mem 0xfb800000-0xfb8fffff]
[    2.496549] pci 0000:00:15.7:   bridge window [mem 0xe5e00000-0xe5efffff 64bit pref]
[    2.497155] pci 0000:00:16.0: PCI bridge to [bus 0b]
[    2.497176] pci 0000:00:16.0:   bridge window [io  0x5000-0x5fff]
[    2.497223] pci 0000:00:16.0:   bridge window [mem 0xfd300000-0xfd3fffff]
[    2.497266] pci 0000:00:16.0:   bridge window [mem 0xe7900000-0xe79fffff 64bit pref]
[    2.497868] pci 0000:00:16.1: PCI bridge to [bus 0c]
[    2.497889] pci 0000:00:16.1:   bridge window [io  0x9000-0x9fff]
[    2.497909] pci 0000:00:16.1:   bridge window [mem 0xfcf00000-0xfcffffff]
[    2.497948] pci 0000:00:16.1:   bridge window [mem 0xe7500000-0xe75fffff 64bit pref]
[    2.498512] pci 0000:00:16.2: PCI bridge to [bus 0d]
[    2.498533] pci 0000:00:16.2:   bridge window [io  0xd000-0xdfff]
[    2.498553] pci 0000:00:16.2:   bridge window [mem 0xfcb00000-0xfcbfffff]
[    2.498592] pci 0000:00:16.2:   bridge window [mem 0xe7100000-0xe71fffff 64bit pref]
[    2.499114] pci 0000:00:16.3: PCI bridge to [bus 0e]
[    2.499175] pci 0000:00:16.3:   bridge window [mem 0xfc700000-0xfc7fffff]
[    2.499230] pci 0000:00:16.3:   bridge window [mem 0xe6d00000-0xe6dfffff 64bit pref]
[    2.499794] pci 0000:00:16.4: PCI bridge to [bus 0f]
[    2.499834] pci 0000:00:16.4:   bridge window [mem 0xfc300000-0xfc3fffff]
[    2.499873] pci 0000:00:16.4:   bridge window [mem 0xe6900000-0xe69fffff 64bit pref]
[    2.500435] pci 0000:00:16.5: PCI bridge to [bus 10]
[    2.500475] pci 0000:00:16.5:   bridge window [mem 0xfbf00000-0xfbffffff]
[    2.500514] pci 0000:00:16.5:   bridge window [mem 0xe6500000-0xe65fffff 64bit pref]
[    2.501084] pci 0000:00:16.6: PCI bridge to [bus 11]
[    2.501149] pci 0000:00:16.6:   bridge window [mem 0xfbb00000-0xfbbfffff]
[    2.501227] pci 0000:00:16.6:   bridge window [mem 0xe6100000-0xe61fffff 64bit pref]
[    2.501810] pci 0000:00:16.7: PCI bridge to [bus 12]
[    2.501850] pci 0000:00:16.7:   bridge window [mem 0xfb700000-0xfb7fffff]
[    2.501888] pci 0000:00:16.7:   bridge window [mem 0xe5d00000-0xe5dfffff 64bit pref]
[    2.502451] pci 0000:00:17.0: PCI bridge to [bus 13]
[    2.502472] pci 0000:00:17.0:   bridge window [io  0x6000-0x6fff]
[    2.502492] pci 0000:00:17.0:   bridge window [mem 0xfd200000-0xfd2fffff]
[    2.502531] pci 0000:00:17.0:   bridge window [mem 0xe7800000-0xe78fffff 64bit pref]
[    2.503109] pci 0000:00:17.1: PCI bridge to [bus 14]
[    2.503127] pci 0000:00:17.1:   bridge window [io  0xa000-0xafff]
[    2.503150] pci 0000:00:17.1:   bridge window [mem 0xfce00000-0xfcefffff]
[    2.503203] pci 0000:00:17.1:   bridge window [mem 0xe7400000-0xe74fffff 64bit pref]
[    2.503767] pci 0000:00:17.2: PCI bridge to [bus 15]
[    2.503788] pci 0000:00:17.2:   bridge window [io  0xe000-0xefff]
[    2.503808] pci 0000:00:17.2:   bridge window [mem 0xfca00000-0xfcafffff]
[    2.503847] pci 0000:00:17.2:   bridge window [mem 0xe7000000-0xe70fffff 64bit pref]
[    2.504411] pci 0000:00:17.3: PCI bridge to [bus 16]
[    2.504451] pci 0000:00:17.3:   bridge window [mem 0xfc600000-0xfc6fffff]
[    2.504489] pci 0000:00:17.3:   bridge window [mem 0xe6c00000-0xe6cfffff 64bit pref]
[    2.505058] pci 0000:00:17.4: PCI bridge to [bus 17]
[    2.505127] pci 0000:00:17.4:   bridge window [mem 0xfc200000-0xfc2fffff]
[    2.505181] pci 0000:00:17.4:   bridge window [mem 0xe6800000-0xe68fffff 64bit pref]
[    2.505785] pci 0000:00:17.5: PCI bridge to [bus 18]
[    2.505825] pci 0000:00:17.5:   bridge window [mem 0xfbe00000-0xfbefffff]
[    2.505864] pci 0000:00:17.5:   bridge window [mem 0xe6400000-0xe64fffff 64bit pref]
[    2.506425] pci 0000:00:17.6: PCI bridge to [bus 19]
[    2.506465] pci 0000:00:17.6:   bridge window [mem 0xfba00000-0xfbafffff]
[    2.506503] pci 0000:00:17.6:   bridge window [mem 0xe6000000-0xe60fffff 64bit pref]
[    2.507653] pci 0000:00:17.7: PCI bridge to [bus 1a]
[    2.507693] pci 0000:00:17.7:   bridge window [mem 0xfb600000-0xfb6fffff]
[    2.507732] pci 0000:00:17.7:   bridge window [mem 0xe5c00000-0xe5cfffff 64bit pref]
[    2.508294] pci 0000:00:18.0: PCI bridge to [bus 1b]
[    2.508315] pci 0000:00:18.0:   bridge window [io  0x7000-0x7fff]
[    2.508335] pci 0000:00:18.0:   bridge window [mem 0xfd100000-0xfd1fffff]
[    2.508374] pci 0000:00:18.0:   bridge window [mem 0xe7700000-0xe77fffff 64bit pref]
[    2.508965] pci 0000:00:18.1: PCI bridge to [bus 1c]
[    2.508988] pci 0000:00:18.1:   bridge window [io  0xb000-0xbfff]
[    2.509024] pci 0000:00:18.1:   bridge window [mem 0xfcd00000-0xfcdfffff]
[    2.509063] pci 0000:00:18.1:   bridge window [mem 0xe7300000-0xe73fffff 64bit pref]
[    2.509668] pci 0000:00:18.2: PCI bridge to [bus 1d]
[    2.509708] pci 0000:00:18.2:   bridge window [mem 0xfc900000-0xfc9fffff]
[    2.509747] pci 0000:00:18.2:   bridge window [mem 0xe6f00000-0xe6ffffff 64bit pref]
[    2.510307] pci 0000:00:18.3: PCI bridge to [bus 1e]
[    2.510346] pci 0000:00:18.3:   bridge window [mem 0xfc500000-0xfc5fffff]
[    2.510385] pci 0000:00:18.3:   bridge window [mem 0xe6b00000-0xe6bfffff 64bit pref]
[    2.510979] pci 0000:00:18.4: PCI bridge to [bus 1f]
[    2.511034] pci 0000:00:18.4:   bridge window [mem 0xfc100000-0xfc1fffff]
[    2.511073] pci 0000:00:18.4:   bridge window [mem 0xe6700000-0xe67fffff 64bit pref]
[    2.511667] pci 0000:00:18.5: PCI bridge to [bus 20]
[    2.511707] pci 0000:00:18.5:   bridge window [mem 0xfbd00000-0xfbdfffff]
[    2.511746] pci 0000:00:18.5:   bridge window [mem 0xe6300000-0xe63fffff 64bit pref]
[    2.512312] pci 0000:00:18.6: PCI bridge to [bus 21]
[    2.512352] pci 0000:00:18.6:   bridge window [mem 0xfb900000-0xfb9fffff]
[    2.512390] pci 0000:00:18.6:   bridge window [mem 0xe5f00000-0xe5ffffff 64bit pref]
[    2.512991] pci 0000:00:18.7: PCI bridge to [bus 22]
[    2.513031] pci 0000:00:18.7:   bridge window [mem 0xfb500000-0xfb5fffff]
[    2.513069] pci 0000:00:18.7:   bridge window [mem 0xe5b00000-0xe5bfffff 64bit pref]
[    2.515082] ACPI: PCI: Interrupt link LNKA configured for IRQ 9
[    2.515158] ACPI: PCI: Interrupt link LNKB configured for IRQ 11
[    2.515246] ACPI: PCI: Interrupt link LNKC configured for IRQ 10
[    2.515332] ACPI: PCI: Interrupt link LNKD configured for IRQ 7
[    2.571221] iommu: Default domain type: Translated
[    2.571221] iommu: DMA domain TLB invalidation policy: lazy mode
[    2.572021] SCSI subsystem initialized
[    2.575185] libata version 3.00 loaded.
[    2.575185] ACPI: bus type USB registered
[    2.575185] usbcore: registered new interface driver usbfs
[    2.575185] usbcore: registered new interface driver hub
[    2.575739] usbcore: registered new device driver usb
[    2.575785] pps_core: LinuxPPS API ver. 1 registered
[    2.575786] pps_core: Software ver. 5.3.6 - Copyright 2005-2007 Rodolfo Giometti <giometti@linux.it>
[    2.575789] PTP clock support registered
[    2.580520] EDAC MC: Ver: 3.0.0
[    2.583493] NetLabel: Initializing
[    2.583494] NetLabel:  domain hash size = 128
[    2.583495] NetLabel:  protocols = UNLABELED CIPSOv4 CALIPSO
[    2.583508] NetLabel:  unlabeled traffic allowed by default
[    2.583532] mctp: management component transport protocol core
[    2.583532] NET: Registered PF_MCTP protocol family
[    2.583532] PCI: Using ACPI for IRQ routing
[    2.619114] PCI: pci_cache_line_size set to 64 bytes
[    2.620075] e820: reserve RAM buffer [mem 0x0009e800-0x0009ffff]
[    2.620078] e820: reserve RAM buffer [mem 0xbfed0000-0xbfffffff]
[    2.620106] pci 0000:00:0f.0: vgaarb: setting as boot VGA device
[    2.620106] pci 0000:00:0f.0: vgaarb: bridge control possible
[    2.620106] pci 0000:00:0f.0: vgaarb: VGA device added: decodes=io+mem,owns=io+mem,locks=none
[    2.620106] vgaarb: loaded
[    2.620106] hpet0: at MMIO 0xfed00000, IRQs 2, 8, 0, 0, 0, 0, 0, 0, 0, 0, 0, 0, 0, 0, 0, 0
[    2.620106] hpet0: 16 comparators, 64-bit 14.318180 MHz counter
[    2.621404] clocksource: Switched to clocksource tsc-early
[    2.631416] VFS: Disk quotas dquot_6.6.0
[    2.631673] VFS: Dquot-cache hash table entries: 512 (order 0, 4096 bytes)
[    2.633784] AppArmor: AppArmor Filesystem Enabled
[    2.634792] pnp: PnP ACPI init
[    2.635895] system 00:00: [io  0x1000-0x103f] has been reserved
[    2.635904] system 00:00: [io  0x1040-0x104f] has been reserved
[    2.635910] system 00:00: [io  0x0cf0-0x0cf1] has been reserved
[    2.638098] system 00:04: [mem 0xfed00000-0xfed003ff] has been reserved
[    2.643003] pnp 00:05: [dma 2]
[    2.643490] system 00:06: [io  0xfce0-0xfcff] has been reserved
[    2.643490] system 00:06: [mem 0xf0000000-0xf7ffffff] has been reserved
[    2.643490] system 00:06: [mem 0xfe800000-0xfe9fffff] has been reserved
[    2.681599] pnp: PnP ACPI: found 7 devices
[    2.693628] clocksource: acpi_pm: mask: 0xffffff max_cycles: 0xffffff, max_idle_ns: 2085701024 ns
[    2.693956] NET: Registered PF_INET protocol family
[    2.709153] IP idents hash table entries: 131072 (order: 8, 1048576 bytes, linear)
[    2.710863] tcp_listen_portaddr_hash hash table entries: 4096 (order: 4, 65536 bytes, linear)
[    2.715400] Table-perturb hash table entries: 65536 (order: 6, 262144 bytes, linear)
[    2.723777] TCP established hash table entries: 65536 (order: 7, 524288 bytes, linear)
[    2.757631] TCP bind hash table entries: 65536 (order: 9, 2097152 bytes, linear)
[    2.757879] TCP: Hash tables configured (established 65536 bind 65536)
[    2.765948] MPTCP token hash table entries: 8192 (order: 5, 196608 bytes, linear)
[    2.769710] UDP hash table entries: 4096 (order: 5, 131072 bytes, linear)
[    2.772898] UDP-Lite hash table entries: 4096 (order: 5, 131072 bytes, linear)
[    2.776917] NET: Registered PF_UNIX/PF_LOCAL protocol family
[    2.776928] NET: Registered PF_XDP protocol family
[    2.776946] pci 0000:00:15.3: bridge window [io  0x1000-0x0fff] to [bus 06] add_size 1000
[    2.776951] pci 0000:00:15.4: bridge window [io  0x1000-0x0fff] to [bus 07] add_size 1000
[    2.776953] pci 0000:00:15.5: bridge window [io  0x1000-0x0fff] to [bus 08] add_size 1000
[    2.776955] pci 0000:00:15.6: bridge window [io  0x1000-0x0fff] to [bus 09] add_size 1000
[    2.776957] pci 0000:00:15.7: bridge window [io  0x1000-0x0fff] to [bus 0a] add_size 1000
[    2.776959] pci 0000:00:16.3: bridge window [io  0x1000-0x0fff] to [bus 0e] add_size 1000
[    2.776960] pci 0000:00:16.4: bridge window [io  0x1000-0x0fff] to [bus 0f] add_size 1000
[    2.776962] pci 0000:00:16.5: bridge window [io  0x1000-0x0fff] to [bus 10] add_size 1000
[    2.776964] pci 0000:00:16.6: bridge window [io  0x1000-0x0fff] to [bus 11] add_size 1000
[    2.776965] pci 0000:00:16.7: bridge window [io  0x1000-0x0fff] to [bus 12] add_size 1000
[    2.776968] pci 0000:00:17.3: bridge window [io  0x1000-0x0fff] to [bus 16] add_size 1000
[    2.776969] pci 0000:00:17.4: bridge window [io  0x1000-0x0fff] to [bus 17] add_size 1000
[    2.776971] pci 0000:00:17.5: bridge window [io  0x1000-0x0fff] to [bus 18] add_size 1000
[    2.776973] pci 0000:00:17.6: bridge window [io  0x1000-0x0fff] to [bus 19] add_size 1000
[    2.776974] pci 0000:00:17.7: bridge window [io  0x1000-0x0fff] to [bus 1a] add_size 1000
[    2.776976] pci 0000:00:18.2: bridge window [io  0x1000-0x0fff] to [bus 1d] add_size 1000
[    2.776978] pci 0000:00:18.3: bridge window [io  0x1000-0x0fff] to [bus 1e] add_size 1000
[    2.776980] pci 0000:00:18.4: bridge window [io  0x1000-0x0fff] to [bus 1f] add_size 1000
[    2.776981] pci 0000:00:18.5: bridge window [io  0x1000-0x0fff] to [bus 20] add_size 1000
[    2.776983] pci 0000:00:18.6: bridge window [io  0x1000-0x0fff] to [bus 21] add_size 1000
[    2.776985] pci 0000:00:18.7: bridge window [io  0x1000-0x0fff] to [bus 22] add_size 1000
[    2.776999] pci 0000:00:10.0: BAR 6: assigned [mem 0xc0000000-0xc0003fff pref]
[    2.777004] pci 0000:00:15.3: BAR 13: no space for [io  size 0x1000]
[    2.777006] pci 0000:00:15.3: BAR 13: failed to assign [io  size 0x1000]
[    2.777008] pci 0000:00:15.4: BAR 13: no space for [io  size 0x1000]
[    2.777009] pci 0000:00:15.4: BAR 13: failed to assign [io  size 0x1000]
[    2.777011] pci 0000:00:15.5: BAR 13: no space for [io  size 0x1000]
[    2.777012] pci 0000:00:15.5: BAR 13: failed to assign [io  size 0x1000]
[    2.777014] pci 0000:00:15.6: BAR 13: no space for [io  size 0x1000]
[    2.777016] pci 0000:00:15.6: BAR 13: failed to assign [io  size 0x1000]
[    2.777017] pci 0000:00:15.7: BAR 13: no space for [io  size 0x1000]
[    2.777019] pci 0000:00:15.7: BAR 13: failed to assign [io  size 0x1000]
[    2.777021] pci 0000:00:16.3: BAR 13: no space for [io  size 0x1000]
[    2.777022] pci 0000:00:16.3: BAR 13: failed to assign [io  size 0x1000]
[    2.777024] pci 0000:00:16.4: BAR 13: no space for [io  size 0x1000]
[    2.777025] pci 0000:00:16.4: BAR 13: failed to assign [io  size 0x1000]
[    2.777027] pci 0000:00:16.5: BAR 13: no space for [io  size 0x1000]
[    2.777028] pci 0000:00:16.5: BAR 13: failed to assign [io  size 0x1000]
[    2.777030] pci 0000:00:16.6: BAR 13: no space for [io  size 0x1000]
[    2.777031] pci 0000:00:16.6: BAR 13: failed to assign [io  size 0x1000]
[    2.777033] pci 0000:00:16.7: BAR 13: no space for [io  size 0x1000]
[    2.777034] pci 0000:00:16.7: BAR 13: failed to assign [io  size 0x1000]
[    2.777036] pci 0000:00:17.3: BAR 13: no space for [io  size 0x1000]
[    2.777037] pci 0000:00:17.3: BAR 13: failed to assign [io  size 0x1000]
[    2.777039] pci 0000:00:17.4: BAR 13: no space for [io  size 0x1000]
[    2.777040] pci 0000:00:17.4: BAR 13: failed to assign [io  size 0x1000]
[    2.777042] pci 0000:00:17.5: BAR 13: no space for [io  size 0x1000]
[    2.777044] pci 0000:00:17.5: BAR 13: failed to assign [io  size 0x1000]
[    2.777045] pci 0000:00:17.6: BAR 13: no space for [io  size 0x1000]
[    2.777047] pci 0000:00:17.6: BAR 13: failed to assign [io  size 0x1000]
[    2.777049] pci 0000:00:17.7: BAR 13: no space for [io  size 0x1000]
[    2.777050] pci 0000:00:17.7: BAR 13: failed to assign [io  size 0x1000]
[    2.777052] pci 0000:00:18.2: BAR 13: no space for [io  size 0x1000]
[    2.777053] pci 0000:00:18.2: BAR 13: failed to assign [io  size 0x1000]
[    2.777055] pci 0000:00:18.3: BAR 13: no space for [io  size 0x1000]
[    2.777056] pci 0000:00:18.3: BAR 13: failed to assign [io  size 0x1000]
[    2.777058] pci 0000:00:18.4: BAR 13: no space for [io  size 0x1000]
[    2.777059] pci 0000:00:18.4: BAR 13: failed to assign [io  size 0x1000]
[    2.777061] pci 0000:00:18.5: BAR 13: no space for [io  size 0x1000]
[    2.777062] pci 0000:00:18.5: BAR 13: failed to assign [io  size 0x1000]
[    2.777064] pci 0000:00:18.6: BAR 13: no space for [io  size 0x1000]
[    2.777065] pci 0000:00:18.6: BAR 13: failed to assign [io  size 0x1000]
[    2.777067] pci 0000:00:18.7: BAR 13: no space for [io  size 0x1000]
[    2.777068] pci 0000:00:18.7: BAR 13: failed to assign [io  size 0x1000]
[    2.777072] pci 0000:00:18.7: BAR 13: no space for [io  size 0x1000]
[    2.777074] pci 0000:00:18.7: BAR 13: failed to assign [io  size 0x1000]
[    2.777076] pci 0000:00:18.6: BAR 13: no space for [io  size 0x1000]
[    2.777077] pci 0000:00:18.6: BAR 13: failed to assign [io  size 0x1000]
[    2.777079] pci 0000:00:18.5: BAR 13: no space for [io  size 0x1000]
[    2.777080] pci 0000:00:18.5: BAR 13: failed to assign [io  size 0x1000]
[    2.777082] pci 0000:00:18.4: BAR 13: no space for [io  size 0x1000]
[    2.777083] pci 0000:00:18.4: BAR 13: failed to assign [io  size 0x1000]
[    2.777085] pci 0000:00:18.3: BAR 13: no space for [io  size 0x1000]
[    2.777086] pci 0000:00:18.3: BAR 13: failed to assign [io  size 0x1000]
[    2.777088] pci 0000:00:18.2: BAR 13: no space for [io  size 0x1000]
[    2.777089] pci 0000:00:18.2: BAR 13: failed to assign [io  size 0x1000]
[    2.777091] pci 0000:00:17.7: BAR 13: no space for [io  size 0x1000]
[    2.777092] pci 0000:00:17.7: BAR 13: failed to assign [io  size 0x1000]
[    2.777094] pci 0000:00:17.6: BAR 13: no space for [io  size 0x1000]
[    2.777095] pci 0000:00:17.6: BAR 13: failed to assign [io  size 0x1000]
[    2.777097] pci 0000:00:17.5: BAR 13: no space for [io  size 0x1000]
[    2.777098] pci 0000:00:17.5: BAR 13: failed to assign [io  size 0x1000]
[    2.777100] pci 0000:00:17.4: BAR 13: no space for [io  size 0x1000]
[    2.777101] pci 0000:00:17.4: BAR 13: failed to assign [io  size 0x1000]
[    2.777103] pci 0000:00:17.3: BAR 13: no space for [io  size 0x1000]
[    2.777105] pci 0000:00:17.3: BAR 13: failed to assign [io  size 0x1000]
[    2.777106] pci 0000:00:16.7: BAR 13: no space for [io  size 0x1000]
[    2.777108] pci 0000:00:16.7: BAR 13: failed to assign [io  size 0x1000]
[    2.777110] pci 0000:00:16.6: BAR 13: no space for [io  size 0x1000]
[    2.777111] pci 0000:00:16.6: BAR 13: failed to assign [io  size 0x1000]
[    2.777113] pci 0000:00:16.5: BAR 13: no space for [io  size 0x1000]
[    2.777114] pci 0000:00:16.5: BAR 13: failed to assign [io  size 0x1000]
[    2.777116] pci 0000:00:16.4: BAR 13: no space for [io  size 0x1000]
[    2.777117] pci 0000:00:16.4: BAR 13: failed to assign [io  size 0x1000]
[    2.777119] pci 0000:00:16.3: BAR 13: no space for [io  size 0x1000]
[    2.777120] pci 0000:00:16.3: BAR 13: failed to assign [io  size 0x1000]
[    2.777122] pci 0000:00:15.7: BAR 13: no space for [io  size 0x1000]
[    2.777123] pci 0000:00:15.7: BAR 13: failed to assign [io  size 0x1000]
[    2.777125] pci 0000:00:15.6: BAR 13: no space for [io  size 0x1000]
[    2.777126] pci 0000:00:15.6: BAR 13: failed to assign [io  size 0x1000]
[    2.777128] pci 0000:00:15.5: BAR 13: no space for [io  size 0x1000]
[    2.777129] pci 0000:00:15.5: BAR 13: failed to assign [io  size 0x1000]
[    2.777131] pci 0000:00:15.4: BAR 13: no space for [io  size 0x1000]
[    2.777132] pci 0000:00:15.4: BAR 13: failed to assign [io  size 0x1000]
[    2.777134] pci 0000:00:15.3: BAR 13: no space for [io  size 0x1000]
[    2.777135] pci 0000:00:15.3: BAR 13: failed to assign [io  size 0x1000]
[    2.777138] pci 0000:00:01.0: PCI bridge to [bus 01]
[    2.777274] pci 0000:02:01.0: BAR 6: assigned [mem 0xfd500000-0xfd50ffff pref]
[    2.777276] pci 0000:02:04.0: BAR 6: assigned [mem 0xfd510000-0xfd51ffff pref]
[    2.777278] pci 0000:00:11.0: PCI bridge to [bus 02]
[    2.777295] pci 0000:00:11.0:   bridge window [io  0x2000-0x3fff]
[    2.777345] pci 0000:00:11.0:   bridge window [mem 0xfd500000-0xfdffffff]
[    2.777368] pci 0000:00:11.0:   bridge window [mem 0xe7b00000-0xe7ffffff 64bit pref]
[    2.777413] pci 0000:00:15.0: PCI bridge to [bus 03]
[    2.777428] pci 0000:00:15.0:   bridge window [io  0x4000-0x4fff]
[    2.777462] pci 0000:00:15.0:   bridge window [mem 0xfd400000-0xfd4fffff]
[    2.777485] pci 0000:00:15.0:   bridge window [mem 0xe7a00000-0xe7afffff 64bit pref]
[    2.777530] pci 0000:00:15.1: PCI bridge to [bus 04]
[    2.777550] pci 0000:00:15.1:   bridge window [io  0x8000-0x8fff]
[    2.777584] pci 0000:00:15.1:   bridge window [mem 0xfd000000-0xfd0fffff]
[    2.777608] pci 0000:00:15.1:   bridge window [mem 0xe7600000-0xe76fffff 64bit pref]
[    2.777652] pci 0000:00:15.2: PCI bridge to [bus 05]
[    2.777665] pci 0000:00:15.2:   bridge window [io  0xc000-0xcfff]
[    2.777699] pci 0000:00:15.2:   bridge window [mem 0xfcc00000-0xfccfffff]
[    2.777731] pci 0000:00:15.2:   bridge window [mem 0xe7200000-0xe72fffff 64bit pref]
[    2.777775] pci 0000:00:15.3: PCI bridge to [bus 06]
[    2.777809] pci 0000:00:15.3:   bridge window [mem 0xfc800000-0xfc8fffff]
[    2.777833] pci 0000:00:15.3:   bridge window [mem 0xe6e00000-0xe6efffff 64bit pref]
[    2.777877] pci 0000:00:15.4: PCI bridge to [bus 07]
[    2.777911] pci 0000:00:15.4:   bridge window [mem 0xfc400000-0xfc4fffff]
[    2.777934] pci 0000:00:15.4:   bridge window [mem 0xe6a00000-0xe6afffff 64bit pref]
[    2.777979] pci 0000:00:15.5: PCI bridge to [bus 08]
[    2.778013] pci 0000:00:15.5:   bridge window [mem 0xfc000000-0xfc0fffff]
[    2.778036] pci 0000:00:15.5:   bridge window [mem 0xe6600000-0xe66fffff 64bit pref]
[    2.778081] pci 0000:00:15.6: PCI bridge to [bus 09]
[    2.778114] pci 0000:00:15.6:   bridge window [mem 0xfbc00000-0xfbcfffff]
[    2.778137] pci 0000:00:15.6:   bridge window [mem 0xe6200000-0xe62fffff 64bit pref]
[    2.778182] pci 0000:00:15.7: PCI bridge to [bus 0a]
[    2.778250] pci 0000:00:15.7:   bridge window [mem 0xfb800000-0xfb8fffff]
[    2.778311] pci 0000:00:15.7:   bridge window [mem 0xe5e00000-0xe5efffff 64bit pref]
[    2.778367] pci 0000:00:16.0: PCI bridge to [bus 0b]
[    2.778383] pci 0000:00:16.0:   bridge window [io  0x5000-0x5fff]
[    2.778453] pci 0000:00:16.0:   bridge window [mem 0xfd300000-0xfd3fffff]
[    2.778477] pci 0000:00:16.0:   bridge window [mem 0xe7900000-0xe79fffff 64bit pref]
[    2.778595] pci 0000:00:16.1: PCI bridge to [bus 0c]
[    2.778621] pci 0000:00:16.1:   bridge window [io  0x9000-0x9fff]
[    2.778696] pci 0000:00:16.1:   bridge window [mem 0xfcf00000-0xfcffffff]
[    2.778794] pci 0000:00:16.1:   bridge window [mem 0xe7500000-0xe75fffff 64bit pref]
[    2.778840] pci 0000:00:16.2: PCI bridge to [bus 0d]
[    2.778853] pci 0000:00:16.2:   bridge window [io  0xd000-0xdfff]
[    2.778887] pci 0000:00:16.2:   bridge window [mem 0xfcb00000-0xfcbfffff]
[    2.778910] pci 0000:00:16.2:   bridge window [mem 0xe7100000-0xe71fffff 64bit pref]
[    2.778954] pci 0000:00:16.3: PCI bridge to [bus 0e]
[    2.778988] pci 0000:00:16.3:   bridge window [mem 0xfc700000-0xfc7fffff]
[    2.779011] pci 0000:00:16.3:   bridge window [mem 0xe6d00000-0xe6dfffff 64bit pref]
[    2.779056] pci 0000:00:16.4: PCI bridge to [bus 0f]
[    2.779090] pci 0000:00:16.4:   bridge window [mem 0xfc300000-0xfc3fffff]
[    2.779113] pci 0000:00:16.4:   bridge window [mem 0xe6900000-0xe69fffff 64bit pref]
[    2.779157] pci 0000:00:16.5: PCI bridge to [bus 10]
[    2.779191] pci 0000:00:16.5:   bridge window [mem 0xfbf00000-0xfbffffff]
[    2.779217] pci 0000:00:16.5:   bridge window [mem 0xe6500000-0xe65fffff 64bit pref]
[    2.779262] pci 0000:00:16.6: PCI bridge to [bus 11]
[    2.779295] pci 0000:00:16.6:   bridge window [mem 0xfbb00000-0xfbbfffff]
[    2.779318] pci 0000:00:16.6:   bridge window [mem 0xe6100000-0xe61fffff 64bit pref]
[    2.779363] pci 0000:00:16.7: PCI bridge to [bus 12]
[    2.779396] pci 0000:00:16.7:   bridge window [mem 0xfb700000-0xfb7fffff]
[    2.779419] pci 0000:00:16.7:   bridge window [mem 0xe5d00000-0xe5dfffff 64bit pref]
[    2.779464] pci 0000:00:17.0: PCI bridge to [bus 13]
[    2.779495] pci 0000:00:17.0:   bridge window [io  0x6000-0x6fff]
[    2.779530] pci 0000:00:17.0:   bridge window [mem 0xfd200000-0xfd2fffff]
[    2.779553] pci 0000:00:17.0:   bridge window [mem 0xe7800000-0xe78fffff 64bit pref]
[    2.779598] pci 0000:00:17.1: PCI bridge to [bus 14]
[    2.779611] pci 0000:00:17.1:   bridge window [io  0xa000-0xafff]
[    2.779644] pci 0000:00:17.1:   bridge window [mem 0xfce00000-0xfcefffff]
[    2.779667] pci 0000:00:17.1:   bridge window [mem 0xe7400000-0xe74fffff 64bit pref]
[    2.779713] pci 0000:00:17.2: PCI bridge to [bus 15]
[    2.779726] pci 0000:00:17.2:   bridge window [io  0xe000-0xefff]
[    2.779759] pci 0000:00:17.2:   bridge window [mem 0xfca00000-0xfcafffff]
[    2.779782] pci 0000:00:17.2:   bridge window [mem 0xe7000000-0xe70fffff 64bit pref]
[    2.779827] pci 0000:00:17.3: PCI bridge to [bus 16]
[    2.779860] pci 0000:00:17.3:   bridge window [mem 0xfc600000-0xfc6fffff]
[    2.779883] pci 0000:00:17.3:   bridge window [mem 0xe6c00000-0xe6cfffff 64bit pref]
[    2.779928] pci 0000:00:17.4: PCI bridge to [bus 17]
[    2.779962] pci 0000:00:17.4:   bridge window [mem 0xfc200000-0xfc2fffff]
[    2.779984] pci 0000:00:17.4:   bridge window [mem 0xe6800000-0xe68fffff 64bit pref]
[    2.780029] pci 0000:00:17.5: PCI bridge to [bus 18]
[    2.780062] pci 0000:00:17.5:   bridge window [mem 0xfbe00000-0xfbefffff]
[    2.780085] pci 0000:00:17.5:   bridge window [mem 0xe6400000-0xe64fffff 64bit pref]
[    2.780129] pci 0000:00:17.6: PCI bridge to [bus 19]
[    2.780163] pci 0000:00:17.6:   bridge window [mem 0xfba00000-0xfbafffff]
[    2.780186] pci 0000:00:17.6:   bridge window [mem 0xe6000000-0xe60fffff 64bit pref]
[    2.780232] pci 0000:00:17.7: PCI bridge to [bus 1a]
[    2.780266] pci 0000:00:17.7:   bridge window [mem 0xfb600000-0xfb6fffff]
[    2.780289] pci 0000:00:17.7:   bridge window [mem 0xe5c00000-0xe5cfffff 64bit pref]
[    2.780333] pci 0000:00:18.0: PCI bridge to [bus 1b]
[    2.780346] pci 0000:00:18.0:   bridge window [io  0x7000-0x7fff]
[    2.780379] pci 0000:00:18.0:   bridge window [mem 0xfd100000-0xfd1fffff]
[    2.780402] pci 0000:00:18.0:   bridge window [mem 0xe7700000-0xe77fffff 64bit pref]
[    2.780447] pci 0000:00:18.1: PCI bridge to [bus 1c]
[    2.780459] pci 0000:00:18.1:   bridge window [io  0xb000-0xbfff]
[    2.780493] pci 0000:00:18.1:   bridge window [mem 0xfcd00000-0xfcdfffff]
[    2.780516] pci 0000:00:18.1:   bridge window [mem 0xe7300000-0xe73fffff 64bit pref]
[    2.780560] pci 0000:00:18.2: PCI bridge to [bus 1d]
[    2.780594] pci 0000:00:18.2:   bridge window [mem 0xfc900000-0xfc9fffff]
[    2.780617] pci 0000:00:18.2:   bridge window [mem 0xe6f00000-0xe6ffffff 64bit pref]
[    2.780661] pci 0000:00:18.3: PCI bridge to [bus 1e]
[    2.780703] pci 0000:00:18.3:   bridge window [mem 0xfc500000-0xfc5fffff]
[    2.780726] pci 0000:00:18.3:   bridge window [mem 0xe6b00000-0xe6bfffff 64bit pref]
[    2.780771] pci 0000:00:18.4: PCI bridge to [bus 1f]
[    2.780805] pci 0000:00:18.4:   bridge window [mem 0xfc100000-0xfc1fffff]
[    2.780828] pci 0000:00:18.4:   bridge window [mem 0xe6700000-0xe67fffff 64bit pref]
[    2.780872] pci 0000:00:18.5: PCI bridge to [bus 20]
[    2.780906] pci 0000:00:18.5:   bridge window [mem 0xfbd00000-0xfbdfffff]
[    2.780929] pci 0000:00:18.5:   bridge window [mem 0xe6300000-0xe63fffff 64bit pref]
[    2.780973] pci 0000:00:18.6: PCI bridge to [bus 21]
[    2.781007] pci 0000:00:18.6:   bridge window [mem 0xfb900000-0xfb9fffff]
[    2.781030] pci 0000:00:18.6:   bridge window [mem 0xe5f00000-0xe5ffffff 64bit pref]
[    2.781074] pci 0000:00:18.7: PCI bridge to [bus 22]
[    2.781108] pci 0000:00:18.7:   bridge window [mem 0xfb500000-0xfb5fffff]
[    2.781131] pci 0000:00:18.7:   bridge window [mem 0xe5b00000-0xe5bfffff 64bit pref]
[    2.781176] pci_bus 0000:00: resource 4 [mem 0x000a0000-0x000bffff window]
[    2.781179] pci_bus 0000:00: resource 5 [mem 0x000d0000-0x000dbfff window]
[    2.781180] pci_bus 0000:00: resource 6 [mem 0xc0000000-0xfebfffff window]
[    2.781191] pci_bus 0000:00: resource 7 [io  0x0000-0x0cf7 window]
[    2.781193] pci_bus 0000:00: resource 8 [io  0x0d00-0xfeff window]
[    2.781195] pci_bus 0000:02: resource 0 [io  0x2000-0x3fff]
[    2.781196] pci_bus 0000:02: resource 1 [mem 0xfd500000-0xfdffffff]
[    2.781197] pci_bus 0000:02: resource 2 [mem 0xe7b00000-0xe7ffffff 64bit pref]
[    2.781199] pci_bus 0000:02: resource 4 [mem 0x000a0000-0x000bffff window]
[    2.781200] pci_bus 0000:02: resource 5 [mem 0x000d0000-0x000dbfff window]
[    2.781201] pci_bus 0000:02: resource 6 [mem 0xc0000000-0xfebfffff window]
[    2.781202] pci_bus 0000:02: resource 7 [io  0x0000-0x0cf7 window]
[    2.781204] pci_bus 0000:02: resource 8 [io  0x0d00-0xfeff window]
[    2.781205] pci_bus 0000:03: resource 0 [io  0x4000-0x4fff]
[    2.781206] pci_bus 0000:03: resource 1 [mem 0xfd400000-0xfd4fffff]
[    2.781207] pci_bus 0000:03: resource 2 [mem 0xe7a00000-0xe7afffff 64bit pref]
[    2.781209] pci_bus 0000:04: resource 0 [io  0x8000-0x8fff]
[    2.781210] pci_bus 0000:04: resource 1 [mem 0xfd000000-0xfd0fffff]
[    2.781211] pci_bus 0000:04: resource 2 [mem 0xe7600000-0xe76fffff 64bit pref]
[    2.781213] pci_bus 0000:05: resource 0 [io  0xc000-0xcfff]
[    2.781214] pci_bus 0000:05: resource 1 [mem 0xfcc00000-0xfccfffff]
[    2.781215] pci_bus 0000:05: resource 2 [mem 0xe7200000-0xe72fffff 64bit pref]
[    2.781217] pci_bus 0000:06: resource 1 [mem 0xfc800000-0xfc8fffff]
[    2.781218] pci_bus 0000:06: resource 2 [mem 0xe6e00000-0xe6efffff 64bit pref]
[    2.781219] pci_bus 0000:07: resource 1 [mem 0xfc400000-0xfc4fffff]
[    2.781220] pci_bus 0000:07: resource 2 [mem 0xe6a00000-0xe6afffff 64bit pref]
[    2.781222] pci_bus 0000:08: resource 1 [mem 0xfc000000-0xfc0fffff]
[    2.781223] pci_bus 0000:08: resource 2 [mem 0xe6600000-0xe66fffff 64bit pref]
[    2.781224] pci_bus 0000:09: resource 1 [mem 0xfbc00000-0xfbcfffff]
[    2.781226] pci_bus 0000:09: resource 2 [mem 0xe6200000-0xe62fffff 64bit pref]
[    2.781227] pci_bus 0000:0a: resource 1 [mem 0xfb800000-0xfb8fffff]
[    2.781228] pci_bus 0000:0a: resource 2 [mem 0xe5e00000-0xe5efffff 64bit pref]
[    2.781230] pci_bus 0000:0b: resource 0 [io  0x5000-0x5fff]
[    2.781231] pci_bus 0000:0b: resource 1 [mem 0xfd300000-0xfd3fffff]
[    2.781232] pci_bus 0000:0b: resource 2 [mem 0xe7900000-0xe79fffff 64bit pref]
[    2.781233] pci_bus 0000:0c: resource 0 [io  0x9000-0x9fff]
[    2.781235] pci_bus 0000:0c: resource 1 [mem 0xfcf00000-0xfcffffff]
[    2.781236] pci_bus 0000:0c: resource 2 [mem 0xe7500000-0xe75fffff 64bit pref]
[    2.781237] pci_bus 0000:0d: resource 0 [io  0xd000-0xdfff]
[    2.781238] pci_bus 0000:0d: resource 1 [mem 0xfcb00000-0xfcbfffff]
[    2.781240] pci_bus 0000:0d: resource 2 [mem 0xe7100000-0xe71fffff 64bit pref]
[    2.781241] pci_bus 0000:0e: resource 1 [mem 0xfc700000-0xfc7fffff]
[    2.781242] pci_bus 0000:0e: resource 2 [mem 0xe6d00000-0xe6dfffff 64bit pref]
[    2.781244] pci_bus 0000:0f: resource 1 [mem 0xfc300000-0xfc3fffff]
[    2.781245] pci_bus 0000:0f: resource 2 [mem 0xe6900000-0xe69fffff 64bit pref]
[    2.781246] pci_bus 0000:10: resource 1 [mem 0xfbf00000-0xfbffffff]
[    2.781247] pci_bus 0000:10: resource 2 [mem 0xe6500000-0xe65fffff 64bit pref]
[    2.781249] pci_bus 0000:11: resource 1 [mem 0xfbb00000-0xfbbfffff]
[    2.781250] pci_bus 0000:11: resource 2 [mem 0xe6100000-0xe61fffff 64bit pref]
[    2.781252] pci_bus 0000:12: resource 1 [mem 0xfb700000-0xfb7fffff]
[    2.781253] pci_bus 0000:12: resource 2 [mem 0xe5d00000-0xe5dfffff 64bit pref]
[    2.781254] pci_bus 0000:13: resource 0 [io  0x6000-0x6fff]
[    2.781255] pci_bus 0000:13: resource 1 [mem 0xfd200000-0xfd2fffff]
[    2.781256] pci_bus 0000:13: resource 2 [mem 0xe7800000-0xe78fffff 64bit pref]
[    2.781258] pci_bus 0000:14: resource 0 [io  0xa000-0xafff]
[    2.781259] pci_bus 0000:14: resource 1 [mem 0xfce00000-0xfcefffff]
[    2.781260] pci_bus 0000:14: resource 2 [mem 0xe7400000-0xe74fffff 64bit pref]
[    2.781262] pci_bus 0000:15: resource 0 [io  0xe000-0xefff]
[    2.781263] pci_bus 0000:15: resource 1 [mem 0xfca00000-0xfcafffff]
[    2.781264] pci_bus 0000:15: resource 2 [mem 0xe7000000-0xe70fffff 64bit pref]
[    2.781265] pci_bus 0000:16: resource 1 [mem 0xfc600000-0xfc6fffff]
[    2.781267] pci_bus 0000:16: resource 2 [mem 0xe6c00000-0xe6cfffff 64bit pref]
[    2.781268] pci_bus 0000:17: resource 1 [mem 0xfc200000-0xfc2fffff]
[    2.781269] pci_bus 0000:17: resource 2 [mem 0xe6800000-0xe68fffff 64bit pref]
[    2.781271] pci_bus 0000:18: resource 1 [mem 0xfbe00000-0xfbefffff]
[    2.781272] pci_bus 0000:18: resource 2 [mem 0xe6400000-0xe64fffff 64bit pref]
[    2.781274] pci_bus 0000:19: resource 1 [mem 0xfba00000-0xfbafffff]
[    2.781275] pci_bus 0000:19: resource 2 [mem 0xe6000000-0xe60fffff 64bit pref]
[    2.781276] pci_bus 0000:1a: resource 1 [mem 0xfb600000-0xfb6fffff]
[    2.781277] pci_bus 0000:1a: resource 2 [mem 0xe5c00000-0xe5cfffff 64bit pref]
[    2.781279] pci_bus 0000:1b: resource 0 [io  0x7000-0x7fff]
[    2.781280] pci_bus 0000:1b: resource 1 [mem 0xfd100000-0xfd1fffff]
[    2.781281] pci_bus 0000:1b: resource 2 [mem 0xe7700000-0xe77fffff 64bit pref]
[    2.781283] pci_bus 0000:1c: resource 0 [io  0xb000-0xbfff]
[    2.781284] pci_bus 0000:1c: resource 1 [mem 0xfcd00000-0xfcdfffff]
[    2.781285] pci_bus 0000:1c: resource 2 [mem 0xe7300000-0xe73fffff 64bit pref]
[    2.781287] pci_bus 0000:1d: resource 1 [mem 0xfc900000-0xfc9fffff]
[    2.781288] pci_bus 0000:1d: resource 2 [mem 0xe6f00000-0xe6ffffff 64bit pref]
[    2.781289] pci_bus 0000:1e: resource 1 [mem 0xfc500000-0xfc5fffff]
[    2.781290] pci_bus 0000:1e: resource 2 [mem 0xe6b00000-0xe6bfffff 64bit pref]
[    2.781292] pci_bus 0000:1f: resource 1 [mem 0xfc100000-0xfc1fffff]
[    2.781293] pci_bus 0000:1f: resource 2 [mem 0xe6700000-0xe67fffff 64bit pref]
[    2.781294] pci_bus 0000:20: resource 1 [mem 0xfbd00000-0xfbdfffff]
[    2.781296] pci_bus 0000:20: resource 2 [mem 0xe6300000-0xe63fffff 64bit pref]
[    2.781297] pci_bus 0000:21: resource 1 [mem 0xfb900000-0xfb9fffff]
[    2.781298] pci_bus 0000:21: resource 2 [mem 0xe5f00000-0xe5ffffff 64bit pref]
[    2.781300] pci_bus 0000:22: resource 1 [mem 0xfb500000-0xfb5fffff]
[    2.781301] pci_bus 0000:22: resource 2 [mem 0xe5b00000-0xe5bfffff 64bit pref]
[    2.781558] pci 0000:00:00.0: Limiting direct PCI/PCI transfers
[    2.783231] pci 0000:02:01.0: CLS mismatch (32 != 64), using 64 bytes
[    2.784591] Trying to unpack rootfs image as initramfs...
[    2.788103] PCI-DMA: Using software bounce buffering for IO (SWIOTLB)
[    2.788107] software IO TLB: mapped [mem 0x00000000bbed0000-0x00000000bfed0000] (64MB)
[    2.788252] clocksource: tsc: mask: 0xffffffffffffffff max_cycles: 0x396d4bf570c, max_idle_ns: 881590425443 ns
[    2.788852] clocksource: Switched to clocksource tsc
[    2.826630] Initialise system trusted keyrings
[    2.826641] Key type blacklist registered
[    2.829238] workingset: timestamp_bits=36 max_order=21 bucket_order=0
[    2.829257] zbud: loaded
[    2.834311] squashfs: version 4.0 (2009/01/31) Phillip Lougher
[    2.838997] fuse: init (API version 7.39)
[    2.844670] integrity: Platform Keyring initialized
[    2.844678] integrity: Machine keyring initialized
[    2.857019] Key type asymmetric registered
[    2.857021] Asymmetric key parser 'x509' registered
[    2.861160] Block layer SCSI generic (bsg) driver version 0.4 loaded (major 243)
[    2.864095] io scheduler mq-deadline registered
[    2.867910] pcieport 0000:00:15.0: PME: Signaling with IRQ 24
[    2.868027] pcieport 0000:00:15.0: pciehp: Slot #160 AttnBtn+ PwrCtrl+ MRL- AttnInd- PwrInd- HotPlug+ Surprise- Interlock- NoCompl+ IbPresDis- LLActRep+
[    2.870716] pcieport 0000:00:15.1: PME: Signaling with IRQ 25
[    2.871827] pcieport 0000:00:15.1: pciehp: Slot #161 AttnBtn+ PwrCtrl+ MRL- AttnInd- PwrInd- HotPlug+ Surprise- Interlock- NoCompl+ IbPresDis- LLActRep+
[    2.874227] pcieport 0000:00:15.2: PME: Signaling with IRQ 26
[    2.874315] pcieport 0000:00:15.2: pciehp: Slot #162 AttnBtn+ PwrCtrl+ MRL- AttnInd- PwrInd- HotPlug+ Surprise- Interlock- NoCompl+ IbPresDis- LLActRep+
[    2.878813] pcieport 0000:00:15.3: PME: Signaling with IRQ 27
[    2.878958] pcieport 0000:00:15.3: pciehp: Slot #163 AttnBtn+ PwrCtrl+ MRL- AttnInd- PwrInd- HotPlug+ Surprise- Interlock- NoCompl+ IbPresDis- LLActRep+
[    2.885016] pcieport 0000:00:15.4: PME: Signaling with IRQ 28
[    2.885105] pcieport 0000:00:15.4: pciehp: Slot #164 AttnBtn+ PwrCtrl+ MRL- AttnInd- PwrInd- HotPlug+ Surprise- Interlock- NoCompl+ IbPresDis- LLActRep+
[    2.888515] pcieport 0000:00:15.5: PME: Signaling with IRQ 29
[    2.888706] pcieport 0000:00:15.5: pciehp: Slot #165 AttnBtn+ PwrCtrl+ MRL- AttnInd- PwrInd- HotPlug+ Surprise- Interlock- NoCompl+ IbPresDis- LLActRep+
[    2.891828] pcieport 0000:00:15.6: PME: Signaling with IRQ 30
[    2.893191] pcieport 0000:00:15.6: pciehp: Slot #166 AttnBtn+ PwrCtrl+ MRL- AttnInd- PwrInd- HotPlug+ Surprise- Interlock- NoCompl+ IbPresDis- LLActRep+
[    2.896677] pcieport 0000:00:15.7: PME: Signaling with IRQ 31
[    2.897903] pcieport 0000:00:15.7: pciehp: Slot #167 AttnBtn+ PwrCtrl+ MRL- AttnInd- PwrInd- HotPlug+ Surprise- Interlock- NoCompl+ IbPresDis- LLActRep+
[    2.901001] pcieport 0000:00:16.0: PME: Signaling with IRQ 32
[    2.901120] pcieport 0000:00:16.0: pciehp: Slot #192 AttnBtn+ PwrCtrl+ MRL- AttnInd- PwrInd- HotPlug+ Surprise- Interlock- NoCompl+ IbPresDis- LLActRep+
[    2.906397] pcieport 0000:00:16.1: PME: Signaling with IRQ 33
[    2.906540] pcieport 0000:00:16.1: pciehp: Slot #193 AttnBtn+ PwrCtrl+ MRL- AttnInd- PwrInd- HotPlug+ Surprise- Interlock- NoCompl+ IbPresDis- LLActRep+
[    2.909525] pcieport 0000:00:16.2: PME: Signaling with IRQ 34
[    2.909618] pcieport 0000:00:16.2: pciehp: Slot #194 AttnBtn+ PwrCtrl+ MRL- AttnInd- PwrInd- HotPlug+ Surprise- Interlock- NoCompl+ IbPresDis- LLActRep+
[    2.913104] pcieport 0000:00:16.3: PME: Signaling with IRQ 35
[    2.913244] pcieport 0000:00:16.3: pciehp: Slot #195 AttnBtn+ PwrCtrl+ MRL- AttnInd- PwrInd- HotPlug+ Surprise- Interlock- NoCompl+ IbPresDis- LLActRep+
[    2.914930] pcieport 0000:00:16.4: PME: Signaling with IRQ 36
[    2.915390] pcieport 0000:00:16.4: pciehp: Slot #196 AttnBtn+ PwrCtrl+ MRL- AttnInd- PwrInd- HotPlug+ Surprise- Interlock- NoCompl+ IbPresDis- LLActRep+
[    2.918480] pcieport 0000:00:16.5: PME: Signaling with IRQ 37
[    2.919716] pcieport 0000:00:16.5: pciehp: Slot #197 AttnBtn+ PwrCtrl+ MRL- AttnInd- PwrInd- HotPlug+ Surprise- Interlock- NoCompl+ IbPresDis- LLActRep+
[    2.924325] pcieport 0000:00:16.6: PME: Signaling with IRQ 38
[    2.925514] pcieport 0000:00:16.6: pciehp: Slot #198 AttnBtn+ PwrCtrl+ MRL- AttnInd- PwrInd- HotPlug+ Surprise- Interlock- NoCompl+ IbPresDis- LLActRep+
[    2.928415] pcieport 0000:00:16.7: PME: Signaling with IRQ 39
[    2.929474] pcieport 0000:00:16.7: pciehp: Slot #199 AttnBtn+ PwrCtrl+ MRL- AttnInd- PwrInd- HotPlug+ Surprise- Interlock- NoCompl+ IbPresDis- LLActRep+
[    2.933469] pcieport 0000:00:17.0: PME: Signaling with IRQ 40
[    2.933574] pcieport 0000:00:17.0: pciehp: Slot #224 AttnBtn+ PwrCtrl+ MRL- AttnInd- PwrInd- HotPlug+ Surprise- Interlock- NoCompl+ IbPresDis- LLActRep+
[    2.935601] pcieport 0000:00:17.1: PME: Signaling with IRQ 41
[    2.935695] pcieport 0000:00:17.1: pciehp: Slot #225 AttnBtn+ PwrCtrl+ MRL- AttnInd- PwrInd- HotPlug+ Surprise- Interlock- NoCompl+ IbPresDis- LLActRep+
[    2.938913] pcieport 0000:00:17.2: PME: Signaling with IRQ 42
[    2.939947] pcieport 0000:00:17.2: pciehp: Slot #226 AttnBtn+ PwrCtrl+ MRL- AttnInd- PwrInd- HotPlug+ Surprise- Interlock- NoCompl+ IbPresDis- LLActRep+
[    2.943346] pcieport 0000:00:17.3: PME: Signaling with IRQ 43
[    2.944683] pcieport 0000:00:17.3: pciehp: Slot #227 AttnBtn+ PwrCtrl+ MRL- AttnInd- PwrInd- HotPlug+ Surprise- Interlock- NoCompl+ IbPresDis- LLActRep+
[    2.947315] pcieport 0000:00:17.4: PME: Signaling with IRQ 44
[    2.947427] pcieport 0000:00:17.4: pciehp: Slot #228 AttnBtn+ PwrCtrl+ MRL- AttnInd- PwrInd- HotPlug+ Surprise- Interlock- NoCompl+ IbPresDis- LLActRep+
[    2.950232] pcieport 0000:00:17.5: PME: Signaling with IRQ 45
[    2.950333] pcieport 0000:00:17.5: pciehp: Slot #229 AttnBtn+ PwrCtrl+ MRL- AttnInd- PwrInd- HotPlug+ Surprise- Interlock- NoCompl+ IbPresDis- LLActRep+
[    2.951804] pcieport 0000:00:17.6: PME: Signaling with IRQ 46
[    2.951901] pcieport 0000:00:17.6: pciehp: Slot #230 AttnBtn+ PwrCtrl+ MRL- AttnInd- PwrInd- HotPlug+ Surprise- Interlock- NoCompl+ IbPresDis- LLActRep+
[    2.954134] pcieport 0000:00:17.7: PME: Signaling with IRQ 47
